Archive member included to satisfy reference by file (symbol)

.\CortexM3\ARM_GCC_541\Debug\project.a(CyLib.o)
                              .\CortexM3\ARM_GCC_541\Debug\Cm3Start.o (CyHalt)
.\CortexM3\ARM_GCC_541\Debug\project.a(cyPm.o)
                              .\CortexM3\ARM_GCC_541\Debug\project.a(CyLib.o) (CyPmReadStatus)
.\CortexM3\ARM_GCC_541\Debug\project.a(UART.o)
                              .\CortexM3\ARM_GCC_541\Debug\main.o (UART_Start)
.\CortexM3\ARM_GCC_541\Debug\project.a(UART_INT.o)
                              .\CortexM3\ARM_GCC_541\Debug\project.a(UART.o) (UART_RXISR)
.\CortexM3\ARM_GCC_541\Debug\project.a(UART_IntClock.o)
                              .\CortexM3\ARM_GCC_541\Debug\project.a(UART.o) (UART_IntClock_Start)
.\CortexM3\ARM_GCC_541\Debug\project.a(ADC_SAR_1.o)
                              .\CortexM3\ARM_GCC_541\Debug\main.o (ADC_SAR_1_Start)
.\CortexM3\ARM_GCC_541\Debug\project.a(ADC_SAR_1_INT.o)
                              .\CortexM3\ARM_GCC_541\Debug\project.a(ADC_SAR_1.o) (ADC_SAR_1_ISR)
.\CortexM3\ARM_GCC_541\Debug\project.a(ADC_SAR_1_theACLK.o)
                              .\CortexM3\ARM_GCC_541\Debug\project.a(ADC_SAR_1.o) (ADC_SAR_1_theACLK_SetModeRegister)
.\CortexM3\ARM_GCC_541\Debug\project.a(isr_adc.o)
                              .\CortexM3\ARM_GCC_541\Debug\main.o (isr_adc_StartEx)
.\CortexM3\ARM_GCC_541\Debug\project.a(VDAC8_1.o)
                              .\CortexM3\ARM_GCC_541\Debug\main.o (VDAC8_1_SetValue)
.\CortexM3\ARM_GCC_541\Debug\project.a(WaveClock.o)
                              .\CortexM3\ARM_GCC_541\Debug\main.o (WaveClock_Start)
.\CortexM3\ARM_GCC_541\Debug\project.a(WaveTimer.o)
                              .\CortexM3\ARM_GCC_541\Debug\main.o (WaveTimer_Stop)
.\CortexM3\ARM_GCC_541\Debug\project.a(isr_wave.o)
                              .\CortexM3\ARM_GCC_541\Debug\main.o (isr_wave_StartEx)
.\CortexM3\ARM_GCC_541\Debug\project.a(ADC_SAR_2.o)
                              .\CortexM3\ARM_GCC_541\Debug\main.o (ADC_SAR_2_Start)
.\CortexM3\ARM_GCC_541\Debug\project.a(ADC_SAR_2_INT.o)
                              .\CortexM3\ARM_GCC_541\Debug\project.a(ADC_SAR_2.o) (ADC_SAR_2_ISR)
.\CortexM3\ARM_GCC_541\Debug\project.a(ADC_SAR_2_theACLK.o)
                              .\CortexM3\ARM_GCC_541\Debug\project.a(ADC_SAR_2.o) (ADC_SAR_2_theACLK_SetModeRegister)
.\CortexM3\ARM_GCC_541\Debug\project.a(IDAC_1.o)
                              .\CortexM3\ARM_GCC_541\Debug\main.o (IDAC_1_SetValue)
.\CortexM3\ARM_GCC_541\Debug\project.a(AMux_1.o)
                              .\CortexM3\ARM_GCC_541\Debug\main.o (AMux_1_Start)
.\CortexM3\ARM_GCC_541\Debug\project.a(Pin_C.o)
                              .\CortexM3\ARM_GCC_541\Debug\main.o (Pin_C_Write)
.\CortexM3\ARM_GCC_541\Debug\project.a(Pin_R.o)
                              .\CortexM3\ARM_GCC_541\Debug\main.o (Pin_R_SetDriveMode)
.\CortexM3\ARM_GCC_541\Debug\project.a(CyBootAsmGnu.o)
                              .\CortexM3\ARM_GCC_541\Debug\cyfitter_cfg.o (CyDelayCycles)
.\CortexM3\ARM_GCC_541\Debug\project.a(CyFlash.o)
                              .\CortexM3\ARM_GCC_541\Debug\project.a(cyPm.o) (CyFlash_SetWaitCycles)
.\CortexM3\ARM_GCC_541\Debug\project.a(CySpc.o)
                              .\CortexM3\ARM_GCC_541\Debug\project.a(CyFlash.o) (CySpcStart)
c:/program files (x86)/cypress/psoc creator/4.4/psoc creator/import/gnu/arm/5.4.1/bin/../lib/gcc/arm-none-eabi/5.4.1/armv7-m\libgcc.a(_arm_addsubdf3.o)
                              .\CortexM3\ARM_GCC_541\Debug\main.o (__aeabi_f2d)
c:/program files (x86)/cypress/psoc creator/4.4/psoc creator/import/gnu/arm/5.4.1/bin/../lib/gcc/arm-none-eabi/5.4.1/armv7-m\libgcc.a(_arm_addsubsf3.o)
                              .\CortexM3\ARM_GCC_541\Debug\main.o (__aeabi_fsub)
c:/program files (x86)/cypress/psoc creator/4.4/psoc creator/import/gnu/arm/5.4.1/bin/../lib/gcc/arm-none-eabi/5.4.1/armv7-m\libgcc.a(_arm_muldivsf3.o)
                              .\CortexM3\ARM_GCC_541\Debug\main.o (__aeabi_fmul)
c:/program files (x86)/cypress/psoc creator/4.4/psoc creator/import/gnu/arm/5.4.1/bin/../lib/gcc/arm-none-eabi/5.4.1/armv7-m\libgcc.a(_arm_cmpsf2.o)
                              .\CortexM3\ARM_GCC_541\Debug\main.o (__aeabi_fcmplt)
c:/program files (x86)/cypress/psoc creator/4.4/psoc creator/import/gnu/arm/5.4.1/bin/../lib/gcc/arm-none-eabi/5.4.1/armv7-m\libgcc.a(_arm_fixsfsi.o)
                              .\CortexM3\ARM_GCC_541\Debug\main.o (__aeabi_f2iz)
c:/program files (x86)/cypress/psoc creator/4.4/psoc creator/import/gnu/arm/5.4.1/bin/../lib/gcc/arm-none-eabi/5.4.1/armv7-m\libgcc.a(_aeabi_ldivmod.o)
                              .\CortexM3\ARM_GCC_541\Debug\project.a(ADC_SAR_1.o) (__aeabi_ldivmod)
c:/program files (x86)/cypress/psoc creator/4.4/psoc creator/import/gnu/arm/5.4.1/bin/../lib/gcc/arm-none-eabi/5.4.1/armv7-m\libgcc.a(_udivmoddi4.o)
[...]
Memory Configuration

Name             Origin             Length             Attributes
rom              0x00000000         0x00040000         xr
ram              0x1fff8000         0x00010000         xrw
*default*        0x00000000         0xffffffff

Linker script and memory map

LOAD c:/program files (x86)/cypress/psoc creator/4.4/psoc creator/import/gnu/arm/5.4.1/bin/../lib/gcc/arm-none-eabi/5.4.1/armv7-m/crti.o
LOAD c:/program files (x86)/cypress/psoc creator/4.4/psoc creator/import/gnu/arm/5.4.1/bin/../lib/gcc/arm-none-eabi/5.4.1/armv7-m/crtbegin.o
LOAD c:/program files (x86)/cypress/psoc creator/4.4/psoc creator/import/gnu/arm/5.4.1/bin/../lib/gcc/arm-none-eabi/5.4.1/../../../../arm-none-eabi/lib/armv7-m/crt0.o
START GROUP
LOAD .\CortexM3\ARM_GCC_541\Debug\main.o
LOAD .\CortexM3\ARM_GCC_541\Debug\FreeRTOS.o
LOAD .\CortexM3\ARM_GCC_541\Debug\port.o
LOAD .\CortexM3\ARM_GCC_541\Debug\heap_1.o
LOAD .\CortexM3\ARM_GCC_541\Debug\croutine.o
LOAD .\CortexM3\ARM_GCC_541\Debug\event_groups.o
LOAD .\CortexM3\ARM_GCC_541\Debug\list.o
LOAD .\CortexM3\ARM_GCC_541\Debug\queue.o
LOAD .\CortexM3\ARM_GCC_541\Debug\stream_buffer.o
LOAD .\CortexM3\ARM_GCC_541\Debug\tasks.o
LOAD .\CortexM3\ARM_GCC_541\Debug\timers.o
LOAD .\CortexM3\ARM_GCC_541\Debug\cyfitter_cfg.o
LOAD .\CortexM3\ARM_GCC_541\Debug\cymetadata.o
LOAD .\CortexM3\ARM_GCC_541\Debug\Cm3Start.o
LOAD .\CortexM3\ARM_GCC_541\Debug\project.a
LOAD C:\Program Files (x86)\Cypress\PSoC Creator\4.4\PSoC Creator\psoc\content\cycomponentlibrary\CyComponentLibrary.cylib\CortexM3\ARM_GCC_541\Debug\CyComponentLibrary.a
LOAD c:/program files (x86)/cypress/psoc creator/4.4/psoc creator/import/gnu/arm/5.4.1/bin/../lib/gcc/arm-none-eabi/5.4.1/../../../../arm-none-eabi/lib/armv7-m\libm.a
END GROUP
START GROUP
LOAD c:/program files (x86)/cypress/psoc creator/4.4/psoc creator/import/gnu/arm/5.4.1/bin/../lib/gcc/arm-none-eabi/5.4.1/armv7-m\libgcc.a
LOAD c:/program files (x86)/cypress/psoc creator/4.4/psoc creator/import/gnu/arm/5.4.1/bin/../lib/gcc/arm-none-eabi/5.4.1/../../../../arm-none-eabi/lib/armv7-m\libg_nano.a
LOAD c:/program files (x86)/cypress/psoc creator/4.4/psoc creator/import/gnu/arm/5.4.1/bin/../lib/gcc/arm-none-eabi/5.4.1/../../../../arm-none-eabi/lib/armv7-m\libc_nano.a
END GROUP
START GROUP
LOAD c:/program files (x86)/cypress/psoc creator/4.4/psoc creator/import/gnu/arm/5.4.1/bin/../lib/gcc/arm-none-eabi/5.4.1/armv7-m\libgcc.a
LOAD c:/program files (x86)/cypress/psoc creator/4.4/psoc creator/import/gnu/arm/5.4.1/bin/../lib/gcc/arm-none-eabi/5.4.1/../../../../arm-none-eabi/lib/armv7-m\libc_nano.a
END GROUP
LOAD c:/program files (x86)/cypress/psoc creator/4.4/psoc creator/import/gnu/arm/5.4.1/bin/../lib/gcc/arm-none-eabi/5.4.1/armv7-m/crtend.o
LOAD c:/program files (x86)/cypress/psoc creator/4.4/psoc creator/import/gnu/arm/5.4.1/bin/../lib/gcc/arm-none-eabi/5.4.1/armv7-m/crtn.o
START GROUP
LOAD c:/program files (x86)/cypress/psoc creator/4.4/psoc creator/import/gnu/arm/5.4.1/bin/../lib/gcc/arm-none-eabi/5.4.1/armv7-m\libgcc.a
LOAD c:/program files (x86)/cypress/psoc creator/4.4/psoc creator/import/gnu/arm/5.4.1/bin/../lib/gcc/arm-none-eabi/5.4.1/../../../../arm-none-eabi/lib/armv7-m\libc.a
LOAD c:/program files (x86)/cypress/psoc creator/4.4/psoc creator/import/gnu/arm/5.4.1/bin/../lib/gcc/arm-none-eabi/5.4.1/../../../../arm-none-eabi/lib/armv7-m\libnosys.a
END GROUP
                0x00000000                CY_APPL_ORIGIN = 0x0
                0x00000100                CY_FLASH_ROW_SIZE = 0x100
                0x00000020                CY_ECC_ROW_SIZE = 0x20
                0x00000000                CY_EE_IN_BTLDR = 0x0
                0x00000000                CY_APPL_LOADABLE = 0x0
                0x00000800                CY_EE_SIZE = 0x800
                0x00000001                CY_APPL_NUM = 0x1
                0x00000001                CY_APPL_MAX = 0x1
                0x00000040                CY_METADATA_SIZE = 0x40
                0x00000000                CY_APPL_LOADABLE = 0x0
                0x00000000                CY_CHECKSUM_EXCLUDE_SIZE = ALIGN (0x0, CY_FLASH_ROW_SIZE)
                [!provide]                PROVIDE (__cy_heap_start, _end)
                0x00000001                PROVIDE (__cy_region_num, ((__cy_regions_end - __cy_regions) / 0x10))
                0x20008000                PROVIDE (__cy_stack, (ORIGIN (ram) + LENGTH (ram)))
                [!provide]                PROVIDE (__cy_heap_end, (__cy_stack - 0x1000))

.cybootloader   0x00000000        0x0
 *(.cybootloader)
                0x00000000                appl1_start = CY_APPL_ORIGIN?CY_APPL_ORIGIN:ALIGN (CY_FLASH_ROW_SIZE)
                0x0001ff00                appl2_start = (appl1_start + ALIGN ((((LENGTH (rom) - appl1_start) - (0x2 * CY_FLASH_ROW_SIZE)) / 0x2), CY_FLASH_ROW_SIZE))
                0x00000000                appl_start = (CY_APPL_NUM == 0x1)?appl1_start:appl2_start
                0x00000000                ecc_offset = ((appl_start / CY_FLASH_ROW_SIZE) * CY_ECC_ROW_SIZE)
                0x00000000                ee_offset = (CY_APPL_LOADABLE && ! (CY_EE_IN_BTLDR))?((CY_EE_SIZE / CY_APPL_MAX) * (CY_APPL_NUM - 0x1)):0x0
                0x00000800                ee_size = (CY_APPL_LOADABLE && ! (CY_EE_IN_BTLDR))?(CY_EE_SIZE / CY_APPL_MAX):CY_EE_SIZE
                [!provide]                PROVIDE (CY_ECC_OFFSET, ecc_offset)

.text           0x00000000     0x5230
 CREATE_OBJECT_SYMBOLS
                0x00000000                PROVIDE (__cy_interrupt_vector, RomVectors)
 *(.romvectors)
 .romvectors    0x00000000       0x10 .\CortexM3\ARM_GCC_541\Debug\Cm3Start.o
                0x00000000                RomVectors
                0x00000001                ASSERT ((. != __cy_interrupt_vector), No interrupt vector)
                0x00000001                ASSERT (CY_APPL_ORIGIN?(SIZEOF (.cybootloader) <= CY_APPL_ORIGIN):0x1, Wrong image location)
                0x00000010                PROVIDE (__cy_reset, Reset)
 *(.text.Reset)
 .text.Reset    0x00000010       0x18 .\CortexM3\ARM_GCC_541\Debug\Cm3Start.o
                0x00000010                Reset
                0x00000001                ASSERT ((. != __cy_reset), No reset code)
 *(.dma_init)
                0x00000001                ASSERT ((((appl_start + .) <= 0x10000) || 0x1), DMA Init must be within the first 64k of flash)
 *(.text .text.* .gnu.linkonce.t.*)
 .text          0x00000028       0x5c c:/program files (x86)/cypress/psoc creator/4.4/psoc creator/import/gnu/arm/5.4.1/bin/../lib/gcc/arm-none-eabi/5.4.1/armv7-m/crtbegin.o
 .text.my_sin_approx
                0x00000084       0x8c .\CortexM3\ARM_GCC_541\Debug\main.o
 .text.build_sine
                0x00000110       0x58 .\CortexM3\ARM_GCC_541\Debug\main.o
 .text.build_tri
                0x00000168       0x64 .\CortexM3\ARM_GCC_541\Debug\main.o
 .text.build_sqr
                0x000001cc       0x34 .\CortexM3\ARM_GCC_541\Debug\main.o
 .text.rebuild_lut
                0x00000200       0x78 .\CortexM3\ARM_GCC_541\Debug\main.o
 .text.set_amplitude
                0x00000278       0x20 .\CortexM3\ARM_GCC_541\Debug\main.o
 .text.set_wave
                0x00000298       0x14 .\CortexM3\ARM_GCC_541\Debug\main.o
 .text.ADC_ISR_Handler
                0x000002ac       0x64 .\CortexM3\ARM_GCC_541\Debug\main.o
                0x000002ac                ADC_ISR_Handler
 .text.WaveTimer_ISR
                0x00000310       0x4c .\CortexM3\ARM_GCC_541\Debug\main.o
                0x00000310                WaveTimer_ISR
 .text.Measure_R_Pin
                0x0000035c       0x8c .\CortexM3\ARM_GCC_541\Debug\main.o
 .text.wait_until_mv
                0x000003e8       0x34 .\CortexM3\ARM_GCC_541\Debug\main.o
 .text.Measure_C_Pin_uF
                0x0000041c       0xd8 .\CortexM3\ARM_GCC_541\Debug\main.o
 .text.set_frequency
                0x000004f4       0x48 .\CortexM3\ARM_GCC_541\Debug\main.o
 .text.process_cmd
                0x0000053c      0x134 .\CortexM3\ARM_GCC_541\Debug\main.o
 .text.poll_uart_commands
                0x00000670       0x58 .\CortexM3\ARM_GCC_541\Debug\main.o
 .text.app_task
                0x000006c8       0xa4 .\CortexM3\ARM_GCC_541\Debug\main.o
 .text.main     0x0000076c       0x90 .\CortexM3\ARM_GCC_541\Debug\main.o
                0x0000076c                main
 .text.FreeRTOS_Start
                0x000007fc       0x28 .\CortexM3\ARM_GCC_541\Debug\FreeRTOS.o
                0x000007fc                FreeRTOS_Start
 .text.prvTaskExitError
                0x00000824       0x20 .\CortexM3\ARM_GCC_541\Debug\port.o
 .text.prvPortStartFirstTask
                0x00000844       0x20 .\CortexM3\ARM_GCC_541\Debug\port.o
 .text.pxPortInitialiseStack
                0x00000864       0x24 .\CortexM3\ARM_GCC_541\Debug\port.o
                0x00000864                pxPortInitialiseStack
 *fill*         0x00000888        0x8 
 .text.vPortSVCHandler
                0x00000890       0x24 .\CortexM3\ARM_GCC_541\Debug\port.o
                0x00000890                vPortSVCHandler
 .text.vPortEnterCritical
                0x000008b4       0x20 .\CortexM3\ARM_GCC_541\Debug\port.o
                0x000008b4                vPortEnterCritical
 .text.vPortExitCritical
                0x000008d4       0x14 .\CortexM3\ARM_GCC_541\Debug\port.o
                0x000008d4                vPortExitCritical
 *fill*         0x000008e8        0x8 
 .text.xPortPendSVHandler
                0x000008f0       0x44 .\CortexM3\ARM_GCC_541\Debug\port.o
                0x000008f0                xPortPendSVHandler
 .text.xPortSysTickHandler
                0x00000934       0x2c .\CortexM3\ARM_GCC_541\Debug\port.o
                0x00000934                xPortSysTickHandler
 .text.vPortSetupTimerInterrupt
                0x00000960       0x24 .\CortexM3\ARM_GCC_541\Debug\port.o
                0x00000960                vPortSetupTimerInterrupt
 .text.xPortStartScheduler
                0x00000984       0x38 .\CortexM3\ARM_GCC_541\Debug\port.o
                0x00000984                xPortStartScheduler
 .text.pvPortMalloc
                0x000009bc       0x60 .\CortexM3\ARM_GCC_541\Debug\heap_1.o
                0x000009bc                pvPortMalloc
 .text.vPortFree
                0x00000a1c        0x4 .\CortexM3\ARM_GCC_541\Debug\heap_1.o
                0x00000a1c                vPortFree
 .text.vListInitialise
                0x00000a20       0x18 .\CortexM3\ARM_GCC_541\Debug\list.o
                0x00000a20                vListInitialise
 .text.vListInitialiseItem
                0x00000a38        0x8 .\CortexM3\ARM_GCC_541\Debug\list.o
                0x00000a38                vListInitialiseItem
 .text.vListInsertEnd
                0x00000a40       0x18 .\CortexM3\ARM_GCC_541\Debug\list.o
                0x00000a40                vListInsertEnd
 .text.vListInsert
                0x00000a58       0x34 .\CortexM3\ARM_GCC_541\Debug\list.o
                0x00000a58                vListInsert
 .text.uxListRemove
                0x00000a8c       0x28 .\CortexM3\ARM_GCC_541\Debug\list.o
                0x00000a8c                uxListRemove
 .text.prvResetNextTaskUnblockTime
                0x00000ab4       0x24 .\CortexM3\ARM_GCC_541\Debug\tasks.o
 .text.prvDeleteTCB
                0x00000ad8       0x14 .\CortexM3\ARM_GCC_541\Debug\tasks.o
 .text.prvInitialiseNewTask
                0x00000aec       0x9c .\CortexM3\ARM_GCC_541\Debug\tasks.o
 .text.prvInitialiseTaskLists
                0x00000b88       0x58 .\CortexM3\ARM_GCC_541\Debug\tasks.o
 .text.prvAddNewTaskToReadyList
                0x00000be0       0xac .\CortexM3\ARM_GCC_541\Debug\tasks.o
 .text.prvCheckTasksWaitingTermination
                0x00000c8c       0x44 .\CortexM3\ARM_GCC_541\Debug\tasks.o
 .text.prvIdleTask
                0x00000cd0        0x8 .\CortexM3\ARM_GCC_541\Debug\tasks.o
 .text.prvAddCurrentTaskToDelayedList
                0x00000cd8       0x84 .\CortexM3\ARM_GCC_541\Debug\tasks.o
 .text.xTaskCreate
                0x00000d5c       0x64 .\CortexM3\ARM_GCC_541\Debug\tasks.o
                0x00000d5c                xTaskCreate
 .text.vTaskStartScheduler
                0x00000dc0       0x5c .\CortexM3\ARM_GCC_541\Debug\tasks.o
                0x00000dc0                vTaskStartScheduler
 .text.vTaskSuspendAll
                0x00000e1c       0x14 .\CortexM3\ARM_GCC_541\Debug\tasks.o
                0x00000e1c                vTaskSuspendAll
 .text.xTaskIncrementTick
                0x00000e30      0x100 .\CortexM3\ARM_GCC_541\Debug\tasks.o
                0x00000e30                xTaskIncrementTick
 .text.xTaskResumeAll
                0x00000f30       0xd8 .\CortexM3\ARM_GCC_541\Debug\tasks.o
                0x00000f30                xTaskResumeAll
 .text.vTaskDelay
                0x00001008       0x34 .\CortexM3\ARM_GCC_541\Debug\tasks.o
                0x00001008                vTaskDelay
 .text.vTaskSwitchContext
                0x0000103c       0x70 .\CortexM3\ARM_GCC_541\Debug\tasks.o
                0x0000103c                vTaskSwitchContext
 .text.CyClockStartupError
                0x000010ac        0x4 .\CortexM3\ARM_GCC_541\Debug\cyfitter_cfg.o
 .text.cfg_write_bytes32
                0x000010b0       0x34 .\CortexM3\ARM_GCC_541\Debug\cyfitter_cfg.o
 .text.CYMEMZERO
                0x000010e4        0xc .\CortexM3\ARM_GCC_541\Debug\cyfitter_cfg.o
 .text.AnalogSetDefault
                0x000010f0       0xa4 .\CortexM3\ARM_GCC_541\Debug\cyfitter_cfg.o
 .text.CYCONFIGCPY
                0x00001194        0x8 .\CortexM3\ARM_GCC_541\Debug\cyfitter_cfg.o
 .text.ClockSetup
                0x0000119c       0xf0 .\CortexM3\ARM_GCC_541\Debug\cyfitter_cfg.o
 .text.AMux_1_Set
                0x0000128c       0x34 .\CortexM3\ARM_GCC_541\Debug\cyfitter_cfg.o
                0x0000128c                AMux_1_Set
 .text.AMux_1_Unset
                0x000012c0       0x38 .\CortexM3\ARM_GCC_541\Debug\cyfitter_cfg.o
                0x000012c0                AMux_1_Unset
 .text.cyfitter_cfg
                0x000012f8      0x120 .\CortexM3\ARM_GCC_541\Debug\cyfitter_cfg.o
                0x000012f8                cyfitter_cfg
 .text.IntDefaultHandler
                0x00001418       0x10 .\CortexM3\ARM_GCC_541\Debug\Cm3Start.o
                0x00001418                IntDefaultHandler
 .text._sbrk    0x00001428       0x30 .\CortexM3\ARM_GCC_541\Debug\Cm3Start.o
                0x00001428                _sbrk
 .text.Start_c  0x00001458       0x4c .\CortexM3\ARM_GCC_541\Debug\Cm3Start.o
                0x00001458                Start_c
 .text.initialize_psoc
                0x000014a4       0x68 .\CortexM3\ARM_GCC_541\Debug\Cm3Start.o
                0x000014a4                initialize_psoc
 .text.CyHalt   0x0000150c        0x4 .\CortexM3\ARM_GCC_541\Debug\project.a(CyLib.o)
                0x0000150c                CyHalt
 .text.CyDelay  0x00001510       0x2c .\CortexM3\ARM_GCC_541\Debug\project.a(CyLib.o)
                0x00001510                CyDelay
 .text.CyDelayUs
                0x0000153c       0x14 .\CortexM3\ARM_GCC_541\Debug\project.a(CyLib.o)
                0x0000153c                CyDelayUs
 .text.CyIntSetSysVector
                0x00001550       0x28 .\CortexM3\ARM_GCC_541\Debug\project.a(CyLib.o)
                0x00001550                CyIntSetSysVector
 .text.CyIntSetVector
                0x00001578       0x28 .\CortexM3\ARM_GCC_541\Debug\project.a(CyLib.o)
                0x00001578                CyIntSetVector
 .text.CyIntSetPriority
                0x000015a0       0x30 .\CortexM3\ARM_GCC_541\Debug\project.a(CyLib.o)
                0x000015a0                CyIntSetPriority
 .text.UART_Init
                0x000015d0       0x44 .\CortexM3\ARM_GCC_541\Debug\project.a(UART.o)
                0x000015d0                UART_Init
 .text.UART_Enable
                0x00001614       0x48 .\CortexM3\ARM_GCC_541\Debug\project.a(UART.o)
                0x00001614                UART_Enable
 .text.UART_Start
                0x0000165c       0x1c .\CortexM3\ARM_GCC_541\Debug\project.a(UART.o)
                0x0000165c                UART_Start
 .text.UART_GetChar
                0x00001678       0x80 .\CortexM3\ARM_GCC_541\Debug\project.a(UART.o)
                0x00001678                UART_GetChar
 .text.UART_GetRxBufferSize
                0x000016f8       0x60 .\CortexM3\ARM_GCC_541\Debug\project.a(UART.o)
                0x000016f8                UART_GetRxBufferSize
 .text.UART_PutChar
                0x00001758       0x18 .\CortexM3\ARM_GCC_541\Debug\project.a(UART.o)
                0x00001758                UART_PutChar
 .text.UART_PutString
                0x00001770       0x24 .\CortexM3\ARM_GCC_541\Debug\project.a(UART.o)
                0x00001770                UART_PutString
 .text.UART_PutArray
                0x00001794       0x28 .\CortexM3\ARM_GCC_541\Debug\project.a(UART.o)
                0x00001794                UART_PutArray
 .text.UART_RXISR
                0x000017bc       0x98 .\CortexM3\ARM_GCC_541\Debug\project.a(UART_INT.o)
                0x000017bc                UART_RXISR
 .text.UART_IntClock_Start
                0x00001854       0x1c .\CortexM3\ARM_GCC_541\Debug\project.a(UART_IntClock.o)
                0x00001854                UART_IntClock_Start
 .text.ADC_SAR_1_CalcGain
                0x00001870       0x64 .\CortexM3\ARM_GCC_541\Debug\project.a(ADC_SAR_1.o)
 .text.ADC_SAR_1_Enable
                0x000018d4       0x94 .\CortexM3\ARM_GCC_541\Debug\project.a(ADC_SAR_1.o)
                0x000018d4                ADC_SAR_1_Enable
 .text.ADC_SAR_1_SetResolution
                0x00001968       0x38 .\CortexM3\ARM_GCC_541\Debug\project.a(ADC_SAR_1.o)
                0x00001968                ADC_SAR_1_SetResolution
 .text.ADC_SAR_1_Init
                0x000019a0       0x3c .\CortexM3\ARM_GCC_541\Debug\project.a(ADC_SAR_1.o)
                0x000019a0                ADC_SAR_1_Init
 .text.ADC_SAR_1_Start
                0x000019dc       0x1c .\CortexM3\ARM_GCC_541\Debug\project.a(ADC_SAR_1.o)
                0x000019dc                ADC_SAR_1_Start
 .text.ADC_SAR_1_StartConvert
                0x000019f8       0x10 .\CortexM3\ARM_GCC_541\Debug\project.a(ADC_SAR_1.o)
                0x000019f8                ADC_SAR_1_StartConvert
 .text.ADC_SAR_1_GetResult16
                0x00001a08       0x18 .\CortexM3\ARM_GCC_541\Debug\project.a(ADC_SAR_1.o)
                0x00001a08                ADC_SAR_1_GetResult16
 .text.ADC_SAR_1_ISR
                0x00001a20        0x4 .\CortexM3\ARM_GCC_541\Debug\project.a(ADC_SAR_1_INT.o)
                0x00001a20                ADC_SAR_1_ISR
 .text.ADC_SAR_1_theACLK_SetModeRegister
                0x00001a24       0x14 .\CortexM3\ARM_GCC_541\Debug\project.a(ADC_SAR_1_theACLK.o)
                0x00001a24                ADC_SAR_1_theACLK_SetModeRegister
 .text.isr_adc_SetVector
                0x00001a38        0xc .\CortexM3\ARM_GCC_541\Debug\project.a(isr_adc.o)
                0x00001a38                isr_adc_SetVector
 .text.isr_adc_SetPriority
                0x00001a44       0x10 .\CortexM3\ARM_GCC_541\Debug\project.a(isr_adc.o)
                0x00001a44                isr_adc_SetPriority
 .text.isr_adc_Enable
                0x00001a54        0xc .\CortexM3\ARM_GCC_541\Debug\project.a(isr_adc.o)
                0x00001a54                isr_adc_Enable
 .text.isr_adc_Disable
                0x00001a60        0xc .\CortexM3\ARM_GCC_541\Debug\project.a(isr_adc.o)
                0x00001a60                isr_adc_Disable
 .text.isr_adc_StartEx
                0x00001a6c       0x1c .\CortexM3\ARM_GCC_541\Debug\project.a(isr_adc.o)
                0x00001a6c                isr_adc_StartEx
 .text.VDAC8_1_Enable
                0x00001a88       0x1c .\CortexM3\ARM_GCC_541\Debug\project.a(VDAC8_1.o)
                0x00001a88                VDAC8_1_Enable
 .text.VDAC8_1_SetSpeed
                0x00001aa4       0x1c .\CortexM3\ARM_GCC_541\Debug\project.a(VDAC8_1.o)
                0x00001aa4                VDAC8_1_SetSpeed
 .text.VDAC8_1_SetValue
                0x00001ac0        0xc .\CortexM3\ARM_GCC_541\Debug\project.a(VDAC8_1.o)
                0x00001ac0                VDAC8_1_SetValue
 .text.VDAC8_1_DacTrim
                0x00001acc       0x24 .\CortexM3\ARM_GCC_541\Debug\project.a(VDAC8_1.o)
                0x00001acc                VDAC8_1_DacTrim
 .text.VDAC8_1_SetRange
                0x00001af0       0x20 .\CortexM3\ARM_GCC_541\Debug\project.a(VDAC8_1.o)
                0x00001af0                VDAC8_1_SetRange
 .text.VDAC8_1_Init
                0x00001b10       0x20 .\CortexM3\ARM_GCC_541\Debug\project.a(VDAC8_1.o)
                0x00001b10                VDAC8_1_Init
 .text.VDAC8_1_Start
                0x00001b30       0x24 .\CortexM3\ARM_GCC_541\Debug\project.a(VDAC8_1.o)
                0x00001b30                VDAC8_1_Start
 .text.WaveClock_Start
                0x00001b54       0x1c .\CortexM3\ARM_GCC_541\Debug\project.a(WaveClock.o)
                0x00001b54                WaveClock_Start
 .text.WaveTimer_Enable
                0x00001b70       0x10 .\CortexM3\ARM_GCC_541\Debug\project.a(WaveTimer.o)
                0x00001b70                WaveTimer_Enable
 .text.WaveTimer_Stop
                0x00001b80       0x10 .\CortexM3\ARM_GCC_541\Debug\project.a(WaveTimer.o)
                0x00001b80                WaveTimer_Stop
 .text.WaveTimer_SetInterruptMode
                0x00001b90        0xc .\CortexM3\ARM_GCC_541\Debug\project.a(WaveTimer.o)
                0x00001b90                WaveTimer_SetInterruptMode
 .text.WaveTimer_ReadStatusRegister
                0x00001b9c        0xc .\CortexM3\ARM_GCC_541\Debug\project.a(WaveTimer.o)
                0x00001b9c                WaveTimer_ReadStatusRegister
 .text.WaveTimer_WritePeriod
                0x00001ba8        0xc .\CortexM3\ARM_GCC_541\Debug\project.a(WaveTimer.o)
                0x00001ba8                WaveTimer_WritePeriod
 .text.WaveTimer_ReadCapture
                0x00001bb4        0xc .\CortexM3\ARM_GCC_541\Debug\project.a(WaveTimer.o)
                0x00001bb4                WaveTimer_ReadCapture
 .text.WaveTimer_WriteCounter
                0x00001bc0        0xc .\CortexM3\ARM_GCC_541\Debug\project.a(WaveTimer.o)
                0x00001bc0                WaveTimer_WriteCounter
 .text.WaveTimer_ClearFIFO
                0x00001bcc       0x14 .\CortexM3\ARM_GCC_541\Debug\project.a(WaveTimer.o)
                0x00001bcc                WaveTimer_ClearFIFO
 .text.WaveTimer_Init
                0x00001be0       0x34 .\CortexM3\ARM_GCC_541\Debug\project.a(WaveTimer.o)
                0x00001be0                WaveTimer_Init
 .text.WaveTimer_Start
                0x00001c14       0x1c .\CortexM3\ARM_GCC_541\Debug\project.a(WaveTimer.o)
                0x00001c14                WaveTimer_Start
 .text.isr_wave_SetVector
                0x00001c30        0xc .\CortexM3\ARM_GCC_541\Debug\project.a(isr_wave.o)
                0x00001c30                isr_wave_SetVector
 .text.isr_wave_SetPriority
                0x00001c3c       0x10 .\CortexM3\ARM_GCC_541\Debug\project.a(isr_wave.o)
                0x00001c3c                isr_wave_SetPriority
 .text.isr_wave_Enable
                0x00001c4c        0xc .\CortexM3\ARM_GCC_541\Debug\project.a(isr_wave.o)
                0x00001c4c                isr_wave_Enable
 .text.isr_wave_Disable
                0x00001c58        0xc .\CortexM3\ARM_GCC_541\Debug\project.a(isr_wave.o)
                0x00001c58                isr_wave_Disable
 .text.isr_wave_StartEx
                0x00001c64       0x1c .\CortexM3\ARM_GCC_541\Debug\project.a(isr_wave.o)
                0x00001c64                isr_wave_StartEx
 .text.ADC_SAR_2_CalcGain
                0x00001c80       0x64 .\CortexM3\ARM_GCC_541\Debug\project.a(ADC_SAR_2.o)
 .text.ADC_SAR_2_Enable
                0x00001ce4       0x94 .\CortexM3\ARM_GCC_541\Debug\project.a(ADC_SAR_2.o)
                0x00001ce4                ADC_SAR_2_Enable
 .text.ADC_SAR_2_SetResolution
                0x00001d78       0x38 .\CortexM3\ARM_GCC_541\Debug\project.a(ADC_SAR_2.o)
                0x00001d78                ADC_SAR_2_SetResolution
 .text.ADC_SAR_2_Init
                0x00001db0       0x3c .\CortexM3\ARM_GCC_541\Debug\project.a(ADC_SAR_2.o)
                0x00001db0                ADC_SAR_2_Init
 .text.ADC_SAR_2_Start
                0x00001dec       0x1c .\CortexM3\ARM_GCC_541\Debug\project.a(ADC_SAR_2.o)
                0x00001dec                ADC_SAR_2_Start
 .text.ADC_SAR_2_StartConvert
                0x00001e08       0x10 .\CortexM3\ARM_GCC_541\Debug\project.a(ADC_SAR_2.o)
                0x00001e08                ADC_SAR_2_StartConvert
 .text.ADC_SAR_2_IsEndConversion
                0x00001e18       0x24 .\CortexM3\ARM_GCC_541\Debug\project.a(ADC_SAR_2.o)
                0x00001e18                ADC_SAR_2_IsEndConversion
 .text.ADC_SAR_2_GetResult16
                0x00001e3c       0x18 .\CortexM3\ARM_GCC_541\Debug\project.a(ADC_SAR_2.o)
                0x00001e3c                ADC_SAR_2_GetResult16
 .text.ADC_SAR_2_CountsTo_mVolts
                0x00001e54       0x58 .\CortexM3\ARM_GCC_541\Debug\project.a(ADC_SAR_2.o)
                0x00001e54                ADC_SAR_2_CountsTo_mVolts
 .text.ADC_SAR_2_ISR
                0x00001eac        0x4 .\CortexM3\ARM_GCC_541\Debug\project.a(ADC_SAR_2_INT.o)
                0x00001eac                ADC_SAR_2_ISR
 .text.ADC_SAR_2_theACLK_SetModeRegister
                0x00001eb0       0x14 .\CortexM3\ARM_GCC_541\Debug\project.a(ADC_SAR_2_theACLK.o)
                0x00001eb0                ADC_SAR_2_theACLK_SetModeRegister
 .text.IDAC_1_Enable
                0x00001ec4       0x1c .\CortexM3\ARM_GCC_541\Debug\project.a(IDAC_1.o)
                0x00001ec4                IDAC_1_Enable
 .text.IDAC_1_SetSpeed
                0x00001ee0       0x1c .\CortexM3\ARM_GCC_541\Debug\project.a(IDAC_1.o)
                0x00001ee0                IDAC_1_SetSpeed
 .text.IDAC_1_SetValue
                0x00001efc        0xc .\CortexM3\ARM_GCC_541\Debug\project.a(IDAC_1.o)
                0x00001efc                IDAC_1_SetValue
 .text.IDAC_1_DacTrim
                0x00001f08       0x34 .\CortexM3\ARM_GCC_541\Debug\project.a(IDAC_1.o)
                0x00001f08                IDAC_1_DacTrim
 .text.IDAC_1_Init
                0x00001f3c       0x24 .\CortexM3\ARM_GCC_541\Debug\project.a(IDAC_1.o)
                0x00001f3c                IDAC_1_Init
 .text.IDAC_1_Start
                0x00001f60       0x24 .\CortexM3\ARM_GCC_541\Debug\project.a(IDAC_1.o)
                0x00001f60                IDAC_1_Start
 .text.IDAC_1_SetPolarity
                0x00001f84       0x20 .\CortexM3\ARM_GCC_541\Debug\project.a(IDAC_1.o)
                0x00001f84                IDAC_1_SetPolarity
 .text.AMux_1_Start
                0x00001fa4       0x20 .\CortexM3\ARM_GCC_541\Debug\project.a(AMux_1.o)
                0x00001fa4                AMux_1_Start
 .text.AMux_1_FastSelect
                0x00001fc4       0x20 .\CortexM3\ARM_GCC_541\Debug\project.a(AMux_1.o)
                0x00001fc4                AMux_1_FastSelect
 .text.Pin_C_Write
                0x00001fe4       0x18 .\CortexM3\ARM_GCC_541\Debug\project.a(Pin_C.o)
                0x00001fe4                Pin_C_Write
 .text.Pin_C_SetDriveMode
                0x00001ffc       0x18 .\CortexM3\ARM_GCC_541\Debug\project.a(Pin_C.o)
                0x00001ffc                Pin_C_SetDriveMode
 .text.Pin_R_SetDriveMode
                0x00002014       0x18 .\CortexM3\ARM_GCC_541\Debug\project.a(Pin_R.o)
                0x00002014                Pin_R_SetDriveMode
 *fill*         0x0000202c        0x4 
 .text          0x00002030       0x20 .\CortexM3\ARM_GCC_541\Debug\project.a(CyBootAsmGnu.o)
                0x00002030                CyDelayCycles
                0x00002040                CyEnterCriticalSection
                0x00002048                CyExitCriticalSection
 .text          0x00002050      0x370 c:/program files (x86)/cypress/psoc creator/4.4/psoc creator/import/gnu/arm/5.4.1/bin/../lib/gcc/arm-none-eabi/5.4.1/armv7-m\libgcc.a(_arm_addsubdf3.o)
                0x00002050                __aeabi_drsub
                0x00002058                __aeabi_dsub
                0x00002058                __subdf3
                0x0000205c                __aeabi_dadd
                0x0000205c                __adddf3
                0x000022d4                __floatunsidf
                0x000022d4                __aeabi_ui2d
                0x000022f4                __floatsidf
                0x000022f4                __aeabi_i2d
                0x00002318                __aeabi_f2d
                0x00002318                __extendsfdf2
                0x00002354                __floatundidf
                0x00002354                __aeabi_ul2d
                0x00002364                __floatdidf
                0x00002364                __aeabi_l2d
 .text          0x000023c0      0x21c c:/program files (x86)/cypress/psoc creator/4.4/psoc creator/import/gnu/arm/5.4.1/bin/../lib/gcc/arm-none-eabi/5.4.1/armv7-m\libgcc.a(_arm_addsubsf3.o)
                0x000023c0                __aeabi_frsub
                0x000023c8                __subsf3
                0x000023c8                __aeabi_fsub
                0x000023cc                __aeabi_fadd
                0x000023cc                __addsf3
                0x0000252c                __aeabi_ui2f
                0x0000252c                __floatunsisf
                0x00002534                __aeabi_i2f
                0x00002534                __floatsisf
                0x00002550                __aeabi_ul2f
                0x00002550                __floatundisf
                0x00002560                __aeabi_l2f
                0x00002560                __floatdisf
 .text          0x000025dc      0x2a0 c:/program files (x86)/cypress/psoc creator/4.4/psoc creator/import/gnu/arm/5.4.1/bin/../lib/gcc/arm-none-eabi/5.4.1/armv7-m\libgcc.a(_arm_muldivsf3.o)
                0x000025dc                __mulsf3
                0x000025dc                __aeabi_fmul
                0x00002744                __aeabi_fdiv
                0x00002744                __divsf3
 .text          0x0000287c       0xec c:/program files (x86)/cypress/psoc creator/4.4/psoc creator/import/gnu/arm/5.4.1/bin/../lib/gcc/arm-none-eabi/5.4.1/armv7-m\libgcc.a(_arm_cmpsf2.o)
                0x0000287c                __gesf2
                0x0000287c                __gtsf2
                0x00002884                __lesf2
                0x00002884                __ltsf2
                0x0000288c                __nesf2
                0x0000288c                __eqsf2
                0x0000288c                __cmpsf2
                0x000028ec                __aeabi_cfrcmple
                0x000028f4                __aeabi_cfcmpeq
                0x000028f4                __aeabi_cfcmple
                0x00002904                __aeabi_fcmpeq
                0x00002918                __aeabi_fcmplt
                0x0000292c                __aeabi_fcmple
                0x00002940                __aeabi_fcmpge
                0x00002954                __aeabi_fcmpgt
 .text          0x00002968       0x4c c:/program files (x86)/cypress/psoc creator/4.4/psoc creator/import/gnu/arm/5.4.1/bin/../lib/gcc/arm-none-eabi/5.4.1/armv7-m\libgcc.a(_arm_fixsfsi.o)
                0x00002968                __aeabi_f2iz
                0x00002968                __fixsfsi
 .text.atoi     0x000029b4        0x8 c:/program files (x86)/cypress/psoc creator/4.4/psoc creator/import/gnu/arm/5.4.1/bin/../lib/gcc/arm-none-eabi/5.4.1/../../../../arm-none-eabi/lib/armv7-m\libg_nano.a(lib_a-atoi.o)
                0x000029b4                atoi
 .text.__errno  0x000029bc        0xc c:/program files (x86)/cypress/psoc creator/4.4/psoc creator/import/gnu/arm/5.4.1/bin/../lib/gcc/arm-none-eabi/5.4.1/../../../../arm-none-eabi/lib/armv7-m\libg_nano.a(lib_a-errno.o)
                0x000029bc                __errno
 .text.__libc_init_array
                0x000029c8       0x4c c:/program files (x86)/cypress/psoc creator/4.4/psoc creator/import/gnu/arm/5.4.1/bin/../lib/gcc/arm-none-eabi/5.4.1/../../../../arm-none-eabi/lib/armv7-m\libg_nano.a(lib_a-init.o)
                0x000029c8                __libc_init_array
 .text.memcpy   0x00002a14       0x16 c:/program files (x86)/cypress/psoc creator/4.4/psoc creator/import/gnu/arm/5.4.1/bin/../lib/gcc/arm-none-eabi/5.4.1/../../../../arm-none-eabi/lib/armv7-m\libg_nano.a(lib_a-memcpy-stub.o)
                0x00002a14                memcpy
 .text.memset   0x00002a2a       0x10 c:/program files (x86)/cypress/psoc creator/4.4/psoc creator/import/gnu/arm/5.4.1/bin/../lib/gcc/arm-none-eabi/5.4.1/../../../../arm-none-eabi/lib/armv7-m\libg_nano.a(lib_a-memset.o)
                0x00002a2a                memset
 .text.__cvt    0x00002a3a       0xc0 c:/program files (x86)/cypress/psoc creator/4.4/psoc creator/import/gnu/arm/5.4.1/bin/../lib/gcc/arm-none-eabi/5.4.1/../../../../arm-none-eabi/lib/armv7-m\libg_nano.a(lib_a-nano-vfprintf_float.o)
                0x00002a3a                __cvt
 .text.__exponent
                0x00002afa       0x62 c:/program files (x86)/cypress/psoc creator/4.4/psoc creator/import/gnu/arm/5.4.1/bin/../lib/gcc/arm-none-eabi/5.4.1/../../../../arm-none-eabi/lib/armv7-m\libg_nano.a(lib_a-nano-vfprintf_float.o)
                0x00002afa                __exponent
 .text._printf_float
                0x00002b5c      0x488 c:/program files (x86)/cypress/psoc creator/4.4/psoc creator/import/gnu/arm/5.4.1/bin/../lib/gcc/arm-none-eabi/5.4.1/../../../../arm-none-eabi/lib/armv7-m\libg_nano.a(lib_a-nano-vfprintf_float.o)
                0x00002b5c                _printf_float
 .text._printf_common
                0x00002fe4       0xec c:/program files (x86)/cypress/psoc creator/4.4/psoc creator/import/gnu/arm/5.4.1/bin/../lib/gcc/arm-none-eabi/5.4.1/../../../../arm-none-eabi/lib/armv7-m\libg_nano.a(lib_a-nano-vfprintf_i.o)
                0x00002fe4                _printf_common
 .text._printf_i
                0x000030d0      0x24c c:/program files (x86)/cypress/psoc creator/4.4/psoc creator/import/gnu/arm/5.4.1/bin/../lib/gcc/arm-none-eabi/5.4.1/../../../../arm-none-eabi/lib/armv7-m\libg_nano.a(lib_a-nano-vfprintf_i.o)
                0x000030d0                _printf_i
 .text.sprintf  0x0000331c       0x48 c:/program files (x86)/cypress/psoc creator/4.4/psoc creator/import/gnu/arm/5.4.1/bin/../lib/gcc/arm-none-eabi/5.4.1/../../../../arm-none-eabi/lib/armv7-m\libg_nano.a(lib_a-sprintf.o)
                0x0000331c                siprintf
                0x0000331c                sprintf
 .text          0x00003364       0x14 c:/program files (x86)/cypress/psoc creator/4.4/psoc creator/import/gnu/arm/5.4.1/bin/../lib/gcc/arm-none-eabi/5.4.1/../../../../arm-none-eabi/lib/armv7-m\libg_nano.a(lib_a-strcmp.o)
                0x00003364                strcmp
 .text          0x00003378       0x10 c:/program files (x86)/cypress/psoc creator/4.4/psoc creator/import/gnu/arm/5.4.1/bin/../lib/gcc/arm-none-eabi/5.4.1/../../../../arm-none-eabi/lib/armv7-m\libg_nano.a(lib_a-strlen.o)
                0x00003378                strlen
 .text.strncmp  0x00003388       0x2a c:/program files (x86)/cypress/psoc creator/4.4/psoc creator/import/gnu/arm/5.4.1/bin/../lib/gcc/arm-none-eabi/5.4.1/../../../../arm-none-eabi/lib/armv7-m\libg_nano.a(lib_a-strncmp.o)
                0x00003388                strncmp
 *fill*         0x000033b2        0x2 
 .text.strtok   0x000033b4       0x64 c:/program files (x86)/cypress/psoc creator/4.4/psoc creator/import/gnu/arm/5.4.1/bin/../lib/gcc/arm-none-eabi/5.4.1/../../../../arm-none-eabi/lib/armv7-m\libg_nano.a(lib_a-strtok.o)
                0x000033b4                strtok
 .text.__strtok_r
                0x00003418       0x56 c:/program files (x86)/cypress/psoc creator/4.4/psoc creator/import/gnu/arm/5.4.1/bin/../lib/gcc/arm-none-eabi/5.4.1/../../../../arm-none-eabi/lib/armv7-m\libg_nano.a(lib_a-strtok_r.o)
                0x00003418                __strtok_r
 *fill*         0x0000346e        0x2 
 .text._strtol_r
                0x00003470      0x10c c:/program files (x86)/cypress/psoc creator/4.4/psoc creator/import/gnu/arm/5.4.1/bin/../lib/gcc/arm-none-eabi/5.4.1/../../../../arm-none-eabi/lib/armv7-m\libg_nano.a(lib_a-strtol.o)
                0x00003470                _strtol_r
 .text.strtol   0x0000357c       0x14 c:/program files (x86)/cypress/psoc creator/4.4/psoc creator/import/gnu/arm/5.4.1/bin/../lib/gcc/arm-none-eabi/5.4.1/../../../../arm-none-eabi/lib/armv7-m\libg_nano.a(lib_a-strtol.o)
                0x0000357c                strtol
 .text.quorem   0x00003590      0x116 c:/program files (x86)/cypress/psoc creator/4.4/psoc creator/import/gnu/arm/5.4.1/bin/../lib/gcc/arm-none-eabi/5.4.1/../../../../arm-none-eabi/lib/armv7-m\libg_nano.a(lib_a-dtoa.o)
 *fill*         0x000036a6        0x2 
 .text._dtoa_r  0x000036a8      0xb30 c:/program files (x86)/cypress/psoc creator/4.4/psoc creator/import/gnu/arm/5.4.1/bin/../lib/gcc/arm-none-eabi/5.4.1/../../../../arm-none-eabi/lib/armv7-m\libg_nano.a(lib_a-dtoa.o)
                0x000036a8                _dtoa_r
 .text._localeconv_r
                0x000041d8        0x8 c:/program files (x86)/cypress/psoc creator/4.4/psoc creator/import/gnu/arm/5.4.1/bin/../lib/gcc/arm-none-eabi/5.4.1/../../../../arm-none-eabi/lib/armv7-m\libg_nano.a(lib_a-locale.o)
                0x000041d8                _localeconv_r
 .text.malloc   0x000041e0       0x10 c:/program files (x86)/cypress/psoc creator/4.4/psoc creator/import/gnu/arm/5.4.1/bin/../lib/gcc/arm-none-eabi/5.4.1/../../../../arm-none-eabi/lib/armv7-m\libg_nano.a(lib_a-malloc.o)
                0x000041e0                malloc
 .text.memchr   0x000041f0       0x1c c:/program files (x86)/cypress/psoc creator/4.4/psoc creator/import/gnu/arm/5.4.1/bin/../lib/gcc/arm-none-eabi/5.4.1/../../../../arm-none-eabi/lib/armv7-m\libg_nano.a(lib_a-memchr-stub.o)
                0x000041f0                memchr
 .text._Balloc  0x0000420c       0x6a c:/program files (x86)/cypress/psoc creator/4.4/psoc creator/import/gnu/arm/5.4.1/bin/../lib/gcc/arm-none-eabi/5.4.1/../../../../arm-none-eabi/lib/armv7-m\libg_nano.a(lib_a-mprec.o)
                0x0000420c                _Balloc
 .text._Bfree   0x00004276       0x2e c:/program files (x86)/cypress/psoc creator/4.4/psoc creator/import/gnu/arm/5.4.1/bin/../lib/gcc/arm-none-eabi/5.4.1/../../../../arm-none-eabi/lib/armv7-m\libg_nano.a(lib_a-mprec.o)
                0x00004276                _Bfree
 .text.__multadd
                0x000042a4       0x76 c:/program files (x86)/cypress/psoc creator/4.4/psoc creator/import/gnu/arm/5.4.1/bin/../lib/gcc/arm-none-eabi/5.4.1/../../../../arm-none-eabi/lib/armv7-m\libg_nano.a(lib_a-mprec.o)
                0x000042a4                __multadd
 .text.__hi0bits
                0x0000431a       0x40 c:/program files (x86)/cypress/psoc creator/4.4/psoc creator/import/gnu/arm/5.4.1/bin/../lib/gcc/arm-none-eabi/5.4.1/../../../../arm-none-eabi/lib/armv7-m\libg_nano.a(lib_a-mprec.o)
                0x0000431a                __hi0bits
 .text.__lo0bits
                0x0000435a       0x5a c:/program files (x86)/cypress/psoc creator/4.4/psoc creator/import/gnu/arm/5.4.1/bin/../lib/gcc/arm-none-eabi/5.4.1/../../../../arm-none-eabi/lib/armv7-m\libg_nano.a(lib_a-mprec.o)
                0x0000435a                __lo0bits
 .text.__i2b    0x000043b4       0x12 c:/program files (x86)/cypress/psoc creator/4.4/psoc creator/import/gnu/arm/5.4.1/bin/../lib/gcc/arm-none-eabi/5.4.1/../../../../arm-none-eabi/lib/armv7-m\libg_nano.a(lib_a-mprec.o)
                0x000043b4                __i2b
 .text.__multiply
                0x000043c6      0x120 c:/program files (x86)/cypress/psoc creator/4.4/psoc creator/import/gnu/arm/5.4.1/bin/../lib/gcc/arm-none-eabi/5.4.1/../../../../arm-none-eabi/lib/armv7-m\libg_nano.a(lib_a-mprec.o)
                0x000043c6                __multiply
 *fill*         0x000044e6        0x2 
 .text.__pow5mult
                0x000044e8       0x9c c:/program files (x86)/cypress/psoc creator/4.4/psoc creator/import/gnu/arm/5.4.1/bin/../lib/gcc/arm-none-eabi/5.4.1/../../../../arm-none-eabi/lib/armv7-m\libg_nano.a(lib_a-mprec.o)
                0x000044e8                __pow5mult
 .text.__lshift
                0x00004584       0xa2 c:/program files (x86)/cypress/psoc creator/4.4/psoc creator/import/gnu/arm/5.4.1/bin/../lib/gcc/arm-none-eabi/5.4.1/../../../../arm-none-eabi/lib/armv7-m\libg_nano.a(lib_a-mprec.o)
                0x00004584                __lshift
 .text.__mcmp   0x00004626       0x38 c:/program files (x86)/cypress/psoc creator/4.4/psoc creator/import/gnu/arm/5.4.1/bin/../lib/gcc/arm-none-eabi/5.4.1/../../../../arm-none-eabi/lib/armv7-m\libg_nano.a(lib_a-mprec.o)
                0x00004626                __mcmp
 .text.__mdiff  0x0000465e       0xbe c:/program files (x86)/cypress/psoc creator/4.4/psoc creator/import/gnu/arm/5.4.1/bin/../lib/gcc/arm-none-eabi/5.4.1/../../../../arm-none-eabi/lib/armv7-m\libg_nano.a(lib_a-mprec.o)
                0x0000465e                __mdiff
 .text.__d2b    0x0000471c       0x9c c:/program files (x86)/cypress/psoc creator/4.4/psoc creator/import/gnu/arm/5.4.1/bin/../lib/gcc/arm-none-eabi/5.4.1/../../../../arm-none-eabi/lib/armv7-m\libg_nano.a(lib_a-mprec.o)
                0x0000471c                __d2b
 .text._calloc_r
                0x000047b8       0x1c c:/program files (x86)/cypress/psoc creator/4.4/psoc creator/import/gnu/arm/5.4.1/bin/../lib/gcc/arm-none-eabi/5.4.1/../../../../arm-none-eabi/lib/armv7-m\libg_nano.a(lib_a-nano-callocr.o)
                0x000047b8                _calloc_r
 .text._free_r  0x000047d4       0x98 c:/program files (x86)/cypress/psoc creator/4.4/psoc creator/import/gnu/arm/5.4.1/bin/../lib/gcc/arm-none-eabi/5.4.1/../../../../arm-none-eabi/lib/armv7-m\libg_nano.a(lib_a-nano-freer.o)
                0x000047d4                _free_r
 .text._malloc_r
                0x0000486c       0xbc c:/program files (x86)/cypress/psoc creator/4.4/psoc creator/import/gnu/arm/5.4.1/bin/../lib/gcc/arm-none-eabi/5.4.1/../../../../arm-none-eabi/lib/armv7-m\libg_nano.a(lib_a-nano-mallocr.o)
                0x0000486c                _malloc_r
 .text.__ssputs_r
                0x00004928       0xb2 c:/program files (x86)/cypress/psoc creator/4.4/psoc creator/import/gnu/arm/5.4.1/bin/../lib/gcc/arm-none-eabi/5.4.1/../../../../arm-none-eabi/lib/armv7-m\libg_nano.a(lib_a-nano-svfprintf.o)
                0x00004928                __ssputs_r
 *fill*         0x000049da        0x2 
 .text._svfprintf_r
                0x000049dc      0x1e8 c:/program files (x86)/cypress/psoc creator/4.4/psoc creator/import/gnu/arm/5.4.1/bin/../lib/gcc/arm-none-eabi/5.4.1/../../../../arm-none-eabi/lib/armv7-m\libg_nano.a(lib_a-nano-svfprintf.o)
                0x000049dc                _svfiprintf_r
                0x000049dc                _svfprintf_r
 .text._sbrk_r  0x00004bc4       0x20 c:/program files (x86)/cypress/psoc creator/4.4/psoc creator/import/gnu/arm/5.4.1/bin/../lib/gcc/arm-none-eabi/5.4.1/../../../../arm-none-eabi/lib/armv7-m\libg_nano.a(lib_a-sbrkr.o)
                0x00004bc4                _sbrk_r
 .text.memmove  0x00004be4       0x36 c:/program files (x86)/cypress/psoc creator/4.4/psoc creator/import/gnu/arm/5.4.1/bin/../lib/gcc/arm-none-eabi/5.4.1/../../../../arm-none-eabi/lib/armv7-m\libg_nano.a(lib_a-memmove.o)
                0x00004be4                memmove
 .text.__malloc_lock
                0x00004c1a        0x2 c:/program files (x86)/cypress/psoc creator/4.4/psoc creator/import/gnu/arm/5.4.1/bin/../lib/gcc/arm-none-eabi/5.4.1/../../../../arm-none-eabi/lib/armv7-m\libg_nano.a(lib_a-mlock.o)
                0x00004c1a                __malloc_lock
 .text.__malloc_unlock
                0x00004c1c        0x2 c:/program files (x86)/cypress/psoc creator/4.4/psoc creator/import/gnu/arm/5.4.1/bin/../lib/gcc/arm-none-eabi/5.4.1/../../../../arm-none-eabi/lib/armv7-m\libg_nano.a(lib_a-mlock.o)
                0x00004c1c                __malloc_unlock
 .text._realloc_r
                0x00004c1e       0x4c c:/program files (x86)/cypress/psoc creator/4.4/psoc creator/import/gnu/arm/5.4.1/bin/../lib/gcc/arm-none-eabi/5.4.1/../../../../arm-none-eabi/lib/armv7-m\libg_nano.a(lib_a-nano-reallocr.o)
                0x00004c1e                _realloc_r
 .text._malloc_usable_size_r
                0x00004c6a       0x14 c:/program files (x86)/cypress/psoc creator/4.4/psoc creator/import/gnu/arm/5.4.1/bin/../lib/gcc/arm-none-eabi/5.4.1/../../../../arm-none-eabi/lib/armv7-m\libg_nano.a(lib_a-nano-msizer.o)
                0x00004c6a                _malloc_usable_size_r
 *fill*         0x00004c7e        0x2 
 .text          0x00004c80      0x424 c:/program files (x86)/cypress/psoc creator/4.4/psoc creator/import/gnu/arm/5.4.1/bin/../lib/gcc/arm-none-eabi/5.4.1/armv7-m\libgcc.a(_arm_muldivdf3.o)
                0x00004c80                __aeabi_dmul
                0x00004c80                __muldf3
                0x00004ed4                __divdf3
                0x00004ed4                __aeabi_ddiv
 .text          0x000050a4      0x110 c:/program files (x86)/cypress/psoc creator/4.4/psoc creator/import/gnu/arm/5.4.1/bin/../lib/gcc/arm-none-eabi/5.4.1/armv7-m\libgcc.a(_arm_cmpdf2.o)
                0x000050a4                __gtdf2
                0x000050a4                __gedf2
                0x000050ac                __ltdf2
                0x000050ac                __ledf2
                0x000050b4                __nedf2
                0x000050b4                __eqdf2
                0x000050b4                __cmpdf2
                0x00005130                __aeabi_cdrcmple
                0x00005140                __aeabi_cdcmpeq
                0x00005140                __aeabi_cdcmple
                0x00005150                __aeabi_dcmpeq
                0x00005164                __aeabi_dcmplt
                0x00005178                __aeabi_dcmple
                0x0000518c                __aeabi_dcmpge
                0x000051a0                __aeabi_dcmpgt
 .text          0x000051b4       0x2c c:/program files (x86)/cypress/psoc creator/4.4/psoc creator/import/gnu/arm/5.4.1/bin/../lib/gcc/arm-none-eabi/5.4.1/armv7-m\libgcc.a(_arm_unorddf2.o)
                0x000051b4                __unorddf2
                0x000051b4                __aeabi_dcmpun
 .text          0x000051e0       0x50 c:/program files (x86)/cypress/psoc creator/4.4/psoc creator/import/gnu/arm/5.4.1/bin/../lib/gcc/arm-none-eabi/5.4.1/armv7-m\libgcc.a(_arm_fixdfsi.o)
                0x000051e0                __aeabi_d2iz
                0x000051e0                __fixdfsi
 *(.plt)
 *(.gnu.warning)
 *(.glue_7t)
 .glue_7t       0x00005230        0x0 linker stubs
 *(.glue_7)
 .glue_7        0x00005230        0x0 linker stubs
 *(.vfp11_veneer)
 .vfp11_veneer  0x00005230        0x0 linker stubs
 *(.bootloader)
 *(.ARM.extab* .gnu.linkonce.armextab.*)
 *(.gcc_except_table)

.v4_bx          0x00005230        0x0
 .v4_bx         0x00005230        0x0 linker stubs

.iplt           0x00005230        0x0
 .iplt          0x00005230        0x0 c:/program files (x86)/cypress/psoc creator/4.4/psoc creator/import/gnu/arm/5.4.1/bin/../lib/gcc/arm-none-eabi/5.4.1/armv7-m/crtbegin.o

.eh_frame_hdr
 *(.eh_frame_hdr)

.eh_frame       0x00005230        0x4
 *(.eh_frame)
 .eh_frame      0x00005230        0x0 c:/program files (x86)/cypress/psoc creator/4.4/psoc creator/import/gnu/arm/5.4.1/bin/../lib/gcc/arm-none-eabi/5.4.1/armv7-m/crtbegin.o
 .eh_frame      0x00005230        0x4 c:/program files (x86)/cypress/psoc creator/4.4/psoc creator/import/gnu/arm/5.4.1/bin/../lib/gcc/arm-none-eabi/5.4.1/armv7-m/crtend.o
                [!provide]                PROVIDE (__exidx_start, .)

.ARM.exidx
 *(.ARM.exidx* .gnu.linkonce.armexidx.*)
                0x00005234                __exidx_end = .

.rodata         0x00005238      0x3b0
 *(.rodata .rodata.* .gnu.linkonce.r.*)
 .rodata.str1.4
                0x00005238       0xc4 .\CortexM3\ARM_GCC_541\Debug\main.o
 .rodata.str1.4
                0x000052fc        0x8 .\CortexM3\ARM_GCC_541\Debug\tasks.o
                                  0x5 (size before relaxing)
 .rodata        0x00005304       0x4e .\CortexM3\ARM_GCC_541\Debug\cyfitter_cfg.o
                0x00005304                AMux_1__addrTable
                0x00005314                AMux_1__maskTable
 .rodata.str1.1
                0x00005352        0x2 c:/program files (x86)/cypress/psoc creator/4.4/psoc creator/import/gnu/arm/5.4.1/bin/../lib/gcc/arm-none-eabi/5.4.1/../../../../arm-none-eabi/lib/armv7-m\libg_nano.a(lib_a-impure.o)
 .rodata.str1.1
                0x00005354       0x12 c:/program files (x86)/cypress/psoc creator/4.4/psoc creator/import/gnu/arm/5.4.1/bin/../lib/gcc/arm-none-eabi/5.4.1/../../../../arm-none-eabi/lib/armv7-m\libg_nano.a(lib_a-nano-vfprintf_float.o)
 .rodata.str1.1
                0x00005366       0x22 c:/program files (x86)/cypress/psoc creator/4.4/psoc creator/import/gnu/arm/5.4.1/bin/../lib/gcc/arm-none-eabi/5.4.1/../../../../arm-none-eabi/lib/armv7-m\libg_nano.a(lib_a-nano-vfprintf_i.o)
 .rodata._ctype_
                0x00005388      0x101 c:/program files (x86)/cypress/psoc creator/4.4/psoc creator/import/gnu/arm/5.4.1/bin/../lib/gcc/arm-none-eabi/5.4.1/../../../../arm-none-eabi/lib/armv7-m\libg_nano.a(lib_a-ctype_.o)
                0x00005388                _ctype_
 .rodata.str1.1
                0x00005489        0xd c:/program files (x86)/cypress/psoc creator/4.4/psoc creator/import/gnu/arm/5.4.1/bin/../lib/gcc/arm-none-eabi/5.4.1/../../../../arm-none-eabi/lib/armv7-m\libg_nano.a(lib_a-dtoa.o)
                                  0xf (size before relaxing)
 .rodata.str1.1
                0x00005496        0x8 c:/program files (x86)/cypress/psoc creator/4.4/psoc creator/import/gnu/arm/5.4.1/bin/../lib/gcc/arm-none-eabi/5.4.1/../../../../arm-none-eabi/lib/armv7-m\libg_nano.a(lib_a-locale.o)
                                  0xb (size before relaxing)
 *fill*         0x0000549e        0x2 
 .rodata.__mprec_tens
                0x000054a0       0xc8 c:/program files (x86)/cypress/psoc creator/4.4/psoc creator/import/gnu/arm/5.4.1/bin/../lib/gcc/arm-none-eabi/5.4.1/../../../../arm-none-eabi/lib/armv7-m\libg_nano.a(lib_a-mprec.o)
                0x000054a0                __mprec_tens
 .rodata.p05.5408
                0x00005568        0xc c:/program files (x86)/cypress/psoc creator/4.4/psoc creator/import/gnu/arm/5.4.1/bin/../lib/gcc/arm-none-eabi/5.4.1/../../../../arm-none-eabi/lib/armv7-m\libg_nano.a(lib_a-mprec.o)
 *fill*         0x00005574        0x4 
 .rodata.__mprec_bigtens
                0x00005578       0x28 c:/program files (x86)/cypress/psoc creator/4.4/psoc creator/import/gnu/arm/5.4.1/bin/../lib/gcc/arm-none-eabi/5.4.1/../../../../arm-none-eabi/lib/armv7-m\libg_nano.a(lib_a-mprec.o)
                0x00005578                __mprec_bigtens
 .rodata.str1.1
                0x000055a0       0x11 c:/program files (x86)/cypress/psoc creator/4.4/psoc creator/import/gnu/arm/5.4.1/bin/../lib/gcc/arm-none-eabi/5.4.1/../../../../arm-none-eabi/lib/armv7-m\libg_nano.a(lib_a-nano-svfprintf.o)
                0x000055b4                . = ALIGN (0x4)
 *fill*         0x000055b1        0x3 
 *(.init)
 .init          0x000055b4        0x4 c:/program files (x86)/cypress/psoc creator/4.4/psoc creator/import/gnu/arm/5.4.1/bin/../lib/gcc/arm-none-eabi/5.4.1/armv7-m/crti.o
                0x000055b4                _init
 .init          0x000055b8        0x8 c:/program files (x86)/cypress/psoc creator/4.4/psoc creator/import/gnu/arm/5.4.1/bin/../lib/gcc/arm-none-eabi/5.4.1/armv7-m/crtn.o
                0x000055c0                . = ALIGN (0x4)
                0x000055c0                __preinit_array_start = .
 *(.preinit_array)
                0x000055c0                __preinit_array_end = .
                0x000055c0                . = ALIGN (0x4)
                0x000055c0                __init_array_start = .
 *(SORT(.init_array.*))
 *(.init_array)
 .init_array    0x000055c0        0x4 c:/program files (x86)/cypress/psoc creator/4.4/psoc creator/import/gnu/arm/5.4.1/bin/../lib/gcc/arm-none-eabi/5.4.1/armv7-m/crtbegin.o
 .init_array    0x000055c4        0x4 .\CortexM3\ARM_GCC_541\Debug\Cm3Start.o
                0x000055c8                __init_array_end = .
                0x000055c8                . = ALIGN (0x4)
 *(.fini)
 .fini          0x000055c8        0x4 c:/program files (x86)/cypress/psoc creator/4.4/psoc creator/import/gnu/arm/5.4.1/bin/../lib/gcc/arm-none-eabi/5.4.1/armv7-m/crti.o
                0x000055c8                _fini
 .fini          0x000055cc        0x8 c:/program files (x86)/cypress/psoc creator/4.4/psoc creator/import/gnu/arm/5.4.1/bin/../lib/gcc/arm-none-eabi/5.4.1/armv7-m/crtn.o
                0x000055d4                . = ALIGN (0x4)
                0x000055d4                __fini_array_start = .
 *(.fini_array)
 .fini_array    0x000055d4        0x4 c:/program files (x86)/cypress/psoc creator/4.4/psoc creator/import/gnu/arm/5.4.1/bin/../lib/gcc/arm-none-eabi/5.4.1/armv7-m/crtbegin.o
 *(SORT(.fini_array.*))
                0x000055d8                __fini_array_end = .
                0x000055d8                . = ALIGN (0x4)
 *crtbegin.o(.ctors)
 *(EXCLUDE_FILE(*crtend.o) .ctors)
 *(SORT(.ctors.*))
 *crtend.o(.ctors)
                0x000055d8                . = ALIGN (0x4)
 *crtbegin.o(.dtors)
 *(EXCLUDE_FILE(*crtend.o) .dtors)
 *(SORT(.dtors.*))
 *crtend.o(.dtors)
                0x000055d8                . = ALIGN (0x4)
                0x000055d8                __cy_regions = .
                0x000055d8        0x4 LONG 0x55e8 __cy_region_init_ram
                0x000055dc        0x4 LONG 0x1fff80c8 __cy_region_start_data
                0x000055e0        0x4 LONG 0xc8 __cy_region_init_size_ram
                0x000055e4        0x4 LONG 0x83c8 __cy_region_zero_size_ram
                0x000055e8                __cy_regions_end = .
                0x000055e8                . = ALIGN (0x8)
                0x000055e8                _etext = .

.cy_checksum_exclude
                0x000055e8        0x0
 *(.cy_checksum_exclude)

.ramvectors     0x1fff8000       0xc0
                0x1fff8000                __cy_region_start_ram = .
 *(.ramvectors)
 .ramvectors    0x1fff8000       0xc0 .\CortexM3\ARM_GCC_541\Debug\Cm3Start.o
                0x1fff8000                CyRamVectors

.noinit         0x1fff80c0        0x1
 *(.noinit)
 .noinit        0x1fff80c0        0x1 .\CortexM3\ARM_GCC_541\Debug\project.a(CyLib.o)
                0x1fff80c0                CyResetStatus

.data           0x1fff80c8       0xc8 load address 0x000055e8
                0x1fff80c8                __cy_region_start_data = .
 *(.jcr)
 .jcr           0x1fff80c8        0x0 c:/program files (x86)/cypress/psoc creator/4.4/psoc creator/import/gnu/arm/5.4.1/bin/../lib/gcc/arm-none-eabi/5.4.1/armv7-m/crtbegin.o
 .jcr           0x1fff80c8        0x4 c:/program files (x86)/cypress/psoc creator/4.4/psoc creator/import/gnu/arm/5.4.1/bin/../lib/gcc/arm-none-eabi/5.4.1/armv7-m/crtend.o
 *(.got.plt)
 *(.got)
 *(.shdata)
 *(.data .data.* .gnu.linkonce.d.*)
 .data          0x1fff80cc        0x1 .\CortexM3\ARM_GCC_541\Debug\main.o
 *fill*         0x1fff80cd        0x3 
 .data          0x1fff80d0        0x4 .\CortexM3\ARM_GCC_541\Debug\port.o
 .data          0x1fff80d4        0x4 .\CortexM3\ARM_GCC_541\Debug\Cm3Start.o
 .data          0x1fff80d8       0x10 .\CortexM3\ARM_GCC_541\Debug\project.a(CyLib.o)
                0x1fff80d8                cydelay_32k_ms
                0x1fff80dc                cydelay_freq_khz
                0x1fff80e0                cydelay_freq_mhz
                0x1fff80e4                cydelay_freq_hz
 .data          0x1fff80e8        0x1 .\CortexM3\ARM_GCC_541\Debug\project.a(AMux_1.o)
 *fill*         0x1fff80e9        0x3 
 .data.impure_data
                0x1fff80ec       0x60 c:/program files (x86)/cypress/psoc creator/4.4/psoc creator/import/gnu/arm/5.4.1/bin/../lib/gcc/arm-none-eabi/5.4.1/../../../../arm-none-eabi/lib/armv7-m\libg_nano.a(lib_a-impure.o)
 .data._impure_ptr
                0x1fff814c        0x4 c:/program files (x86)/cypress/psoc creator/4.4/psoc creator/import/gnu/arm/5.4.1/bin/../lib/gcc/arm-none-eabi/5.4.1/../../../../arm-none-eabi/lib/armv7-m\libg_nano.a(lib_a-impure.o)
                0x1fff814c                _impure_ptr
 .data.__ctype_ptr__
                0x1fff8150        0x4 c:/program files (x86)/cypress/psoc creator/4.4/psoc creator/import/gnu/arm/5.4.1/bin/../lib/gcc/arm-none-eabi/5.4.1/../../../../arm-none-eabi/lib/armv7-m\libg_nano.a(lib_a-ctype_.o)
                0x1fff8150                __ctype_ptr__
 .data.lconv    0x1fff8154       0x38 c:/program files (x86)/cypress/psoc creator/4.4/psoc creator/import/gnu/arm/5.4.1/bin/../lib/gcc/arm-none-eabi/5.4.1/../../../../arm-none-eabi/lib/armv7-m\libg_nano.a(lib_a-locale.o)
                0x1fff8190                . = ALIGN (0x8)
 *fill*         0x1fff818c        0x4 
 *(.ram)
                0x1fff8190                _edata = .

.igot.plt       0x1fff8190        0x0 load address 0x000056b0
 .igot.plt      0x1fff8190        0x0 c:/program files (x86)/cypress/psoc creator/4.4/psoc creator/import/gnu/arm/5.4.1/bin/../lib/gcc/arm-none-eabi/5.4.1/armv7-m/crtbegin.o

.bss            0x1fff8190     0x83c8 load address 0x000056b0
                0x1fff8190                PROVIDE (__bss_start__, .)
 *(.shbss)
 *(.bss .bss.* .gnu.linkonce.b.*)
 .bss           0x1fff8190       0x1c c:/program files (x86)/cypress/psoc creator/4.4/psoc creator/import/gnu/arm/5.4.1/bin/../lib/gcc/arm-none-eabi/5.4.1/armv7-m/crtbegin.o
 .bss           0x1fff81ac      0x24c .\CortexM3\ARM_GCC_541\Debug\main.o
 .bss           0x1fff83f8     0x8008 .\CortexM3\ARM_GCC_541\Debug\heap_1.o
 .bss           0x20000400      0x118 .\CortexM3\ARM_GCC_541\Debug\tasks.o
                0x200004ec                pxCurrentTCB
 .bss           0x20000518        0x7 .\CortexM3\ARM_GCC_541\Debug\project.a(UART.o)
                0x20000518                UART_errorStatus
                0x20000519                UART_initVar
                0x2000051a                UART_rxBufferRead
                0x2000051b                UART_rxBufferWrite
                0x2000051c                UART_rxBufferLoopDetect
                0x2000051d                UART_rxBufferOverflow
 .bss           0x2000051f        0x1 .\CortexM3\ARM_GCC_541\Debug\project.a(ADC_SAR_1.o)
                0x2000051f                ADC_SAR_1_initVar
 .bss           0x20000520        0x1 .\CortexM3\ARM_GCC_541\Debug\project.a(VDAC8_1.o)
                0x20000520                VDAC8_1_initVar
 .bss           0x20000521        0x1 .\CortexM3\ARM_GCC_541\Debug\project.a(WaveTimer.o)
                0x20000521                WaveTimer_initVar
 .bss           0x20000522        0x1 .\CortexM3\ARM_GCC_541\Debug\project.a(ADC_SAR_2.o)
                0x20000522                ADC_SAR_2_initVar
 .bss           0x20000523        0x1 .\CortexM3\ARM_GCC_541\Debug\project.a(IDAC_1.o)
                0x20000523                IDAC_1_initVar
 .bss.__malloc_sbrk_start
                0x20000524        0x4 c:/program files (x86)/cypress/psoc creator/4.4/psoc creator/import/gnu/arm/5.4.1/bin/../lib/gcc/arm-none-eabi/5.4.1/../../../../arm-none-eabi/lib/armv7-m\libg_nano.a(lib_a-nano-mallocr.o)
                0x20000524                __malloc_sbrk_start
 .bss.__malloc_free_list
                0x20000528        0x4 c:/program files (x86)/cypress/psoc creator/4.4/psoc creator/import/gnu/arm/5.4.1/bin/../lib/gcc/arm-none-eabi/5.4.1/../../../../arm-none-eabi/lib/armv7-m\libg_nano.a(lib_a-nano-mallocr.o)
                0x20000528                __malloc_free_list
 *(COMMON)
 COMMON         0x2000052c       0x10 .\CortexM3\ARM_GCC_541\Debug\project.a(UART.o)
                0x2000052c                UART_rxBuffer
 COMMON         0x2000053c        0xa .\CortexM3\ARM_GCC_541\Debug\project.a(ADC_SAR_1.o)
                0x2000053c                ADC_SAR_1_countsPerVolt
                0x2000053e                ADC_SAR_1_shift
                0x20000540                ADC_SAR_1_countsPer10Volt
                0x20000544                ADC_SAR_1_offset
 *fill*         0x20000546        0x2 
 COMMON         0x20000548        0xa .\CortexM3\ARM_GCC_541\Debug\project.a(ADC_SAR_2.o)
                0x20000548                ADC_SAR_2_countsPer10Volt
                0x2000054c                ADC_SAR_2_shift
                0x2000054e                ADC_SAR_2_offset
                0x20000550                ADC_SAR_2_countsPerVolt
 *fill*         0x20000552        0x2 
 COMMON         0x20000554        0x4 c:/program files (x86)/cypress/psoc creator/4.4/psoc creator/import/gnu/arm/5.4.1/bin/../lib/gcc/arm-none-eabi/5.4.1/../../../../arm-none-eabi/lib/armv7-m\libg_nano.a(lib_a-reent.o)
                0x20000554                errno
                0x20000558                . = ALIGN (0x8)
 *(.ram.b)
                0x20000558                _end = .
                0x20000558                __end = .
                0x20000558                PROVIDE (end, .)
                0x20000558                PROVIDE (__bss_end__, .)
                0x000055e8                __cy_region_init_ram = LOADADDR (.data)
                0x000000c8                __cy_region_init_size_ram = (_edata - ADDR (.data))
                0x000083c8                __cy_region_zero_size_ram = (_end - _edata)

.heap           0x20000558     0x1000 load address 0x000056b0
                0x20000558                . = _end
                0x20001558                . = (. + 0x1000)
 *fill*         0x20000558     0x1000 
                0x20001558                __cy_heap_limit = .

.stack          0x20007000     0x1000
                0x20007000                __cy_stack_limit = .
                0x20008000                . = (. + 0x1000)
 *fill*         0x20007000     0x1000 
                0x00000001                ASSERT ((__cy_stack_limit >= __cy_heap_limit), region RAM overflowed with stack)
                0x00000000                cy_checksum_exclude_size = (CY_APPL_LOADABLE == 0x1)?SIZEOF (.cy_checksum_exclude):0x0
                0x00000001                ASSERT ((cy_checksum_exclude_size <= CY_CHECKSUM_EXCLUDE_SIZE), CY_BOOT: Section .cy_checksum_exclude size exceedes specified limit.)

.cyloadermeta
 *(.cyloadermeta)

.cyloadablemeta
 *(.cyloadablemeta)

.cyconfigecc    0x80000000      0x478
 *(.cyconfigecc)
 .cyconfigecc   0x80000000      0x478 .\CortexM3\ARM_GCC_541\Debug\cymetadata.o
                0x80000000                cy_meta_configecc

.cycustnvl      0x90000000        0x4
 *(.cycustnvl)
 .cycustnvl     0x90000000        0x4 .\CortexM3\ARM_GCC_541\Debug\cymetadata.o
                0x90000000                cy_meta_custnvl

.cywolatch      0x90100000        0x4
 *(.cywolatch)
 .cywolatch     0x90100000        0x4 .\CortexM3\ARM_GCC_541\Debug\cymetadata.o
                0x90100000                cy_meta_wonvl

.cyeeprom       0x90200000        0x0
 *(.cyeeprom)
                0x00000001                ASSERT ((. <= ((0x90200000 + ee_offset) + ee_size)), .cyeeprom data will not fit in EEPROM)

.cyflashprotect
                0x90400000      0x100
 *(.cyflashprotect)
 .cyflashprotect
                0x90400000      0x100 .\CortexM3\ARM_GCC_541\Debug\cymetadata.o
                0x90400000                cy_meta_flashprotect

.cymeta         0x90500000        0xc
 *(.cymeta)
 .cymeta        0x90500000        0xc .\CortexM3\ARM_GCC_541\Debug\cymetadata.o
                0x90500000                cy_metadata

.rel.dyn        0x000056b0        0x0 load address 0x9050000c
 .rel.iplt      0x000056b0        0x0 c:/program files (x86)/cypress/psoc creator/4.4/psoc creator/import/gnu/arm/5.4.1/bin/../lib/gcc/arm-none-eabi/5.4.1/armv7-m/crtbegin.o

.stab
 *(.stab)

.stabstr
 *(.stabstr)

.debug
 *(.debug)

.line
 *(.line)

.debug_srcinfo
 *(.debug_srcinfo)

.debug_sfnames
 *(.debug_sfnames)

.debug_aranges  0x00000000     0x1258
 *(.debug_aranges)
 .debug_aranges
                0x00000000       0xa0 .\CortexM3\ARM_GCC_541\Debug\main.o
 .debug_aranges
                0x000000a0       0x20 .\CortexM3\ARM_GCC_541\Debug\FreeRTOS.o
 .debug_aranges
                0x000000c0       0x70 .\CortexM3\ARM_GCC_541\Debug\port.o
 .debug_aranges
                0x00000130       0x38 .\CortexM3\ARM_GCC_541\Debug\heap_1.o
 .debug_aranges
                0x00000168       0x18 .\CortexM3\ARM_GCC_541\Debug\croutine.o
 .debug_aranges
                0x00000180       0x68 .\CortexM3\ARM_GCC_541\Debug\event_groups.o
 .debug_aranges
                0x000001e8       0x40 .\CortexM3\ARM_GCC_541\Debug\list.o
 .debug_aranges
                0x00000228      0x110 .\CortexM3\ARM_GCC_541\Debug\queue.o
 .debug_aranges
                0x00000338       0xc0 .\CortexM3\ARM_GCC_541\Debug\stream_buffer.o
 .debug_aranges
                0x000003f8      0x1b8 .\CortexM3\ARM_GCC_541\Debug\tasks.o
 .debug_aranges
                0x000005b0       0x18 .\CortexM3\ARM_GCC_541\Debug\timers.o
 .debug_aranges
                0x000005c8       0x68 .\CortexM3\ARM_GCC_541\Debug\cyfitter_cfg.o
 .debug_aranges
                0x00000630       0x18 .\CortexM3\ARM_GCC_541\Debug\cymetadata.o
 .debug_aranges
                0x00000648       0x48 .\CortexM3\ARM_GCC_541\Debug\Cm3Start.o
 .debug_aranges
                0x00000690      0x2a0 .\CortexM3\ARM_GCC_541\Debug\project.a(CyLib.o)
 .debug_aranges
                0x00000930       0x98 .\CortexM3\ARM_GCC_541\Debug\project.a(cyPm.o)
 .debug_aranges
                0x000009c8       0xf0 .\CortexM3\ARM_GCC_541\Debug\project.a(UART.o)
 .debug_aranges
                0x00000ab8       0x20 .\CortexM3\ARM_GCC_541\Debug\project.a(UART_INT.o)
 .debug_aranges
                0x00000ad8       0x70 .\CortexM3\ARM_GCC_541\Debug\project.a(UART_IntClock.o)
 .debug_aranges
                0x00000b48       0xa8 .\CortexM3\ARM_GCC_541\Debug\project.a(ADC_SAR_1.o)
 .debug_aranges
                0x00000bf0       0x20 .\CortexM3\ARM_GCC_541\Debug\project.a(ADC_SAR_1_INT.o)
 .debug_aranges
                0x00000c10       0x80 .\CortexM3\ARM_GCC_541\Debug\project.a(ADC_SAR_1_theACLK.o)
 .debug_aranges
                0x00000c90       0x80 .\CortexM3\ARM_GCC_541\Debug\project.a(isr_adc.o)
 .debug_aranges
                0x00000d10       0x58 .\CortexM3\ARM_GCC_541\Debug\project.a(VDAC8_1.o)
 .debug_aranges
                0x00000d68       0x70 .\CortexM3\ARM_GCC_541\Debug\project.a(WaveClock.o)
 .debug_aranges
                0x00000dd8       0x90 .\CortexM3\ARM_GCC_541\Debug\project.a(WaveTimer.o)
 .debug_aranges
                0x00000e68       0x80 .\CortexM3\ARM_GCC_541\Debug\project.a(isr_wave.o)
 .debug_aranges
                0x00000ee8       0xa8 .\CortexM3\ARM_GCC_541\Debug\project.a(ADC_SAR_2.o)
 .debug_aranges
                0x00000f90       0x20 .\CortexM3\ARM_GCC_541\Debug\project.a(ADC_SAR_2_INT.o)
 .debug_aranges
                0x00000fb0       0x80 .\CortexM3\ARM_GCC_541\Debug\project.a(ADC_SAR_2_theACLK.o)
 .debug_aranges
                0x00001030       0x60 .\CortexM3\ARM_GCC_541\Debug\project.a(IDAC_1.o)
 .debug_aranges
                0x00001090       0x30 .\CortexM3\ARM_GCC_541\Debug\project.a(AMux_1.o)
 .debug_aranges
                0x000010c0       0x38 .\CortexM3\ARM_GCC_541\Debug\project.a(Pin_C.o)
 .debug_aranges
                0x000010f8       0x38 .\CortexM3\ARM_GCC_541\Debug\project.a(Pin_R.o)
 .debug_aranges
                0x00001130       0x20 .\CortexM3\ARM_GCC_541\Debug\project.a(CyBootAsmGnu.o)
 .debug_aranges
                0x00001150       0x88 .\CortexM3\ARM_GCC_541\Debug\project.a(CyFlash.o)
 .debug_aranges
                0x000011d8       0x80 .\CortexM3\ARM_GCC_541\Debug\project.a(CySpc.o)

.debug_pubnames
 *(.debug_pubnames)

.debug_info     0x00000000     0xd54d
 *(.debug_info .gnu.linkonce.wi.*)
 .debug_info    0x00000000     0x1059 .\CortexM3\ARM_GCC_541\Debug\main.o
 .debug_info    0x00001059      0x166 .\CortexM3\ARM_GCC_541\Debug\FreeRTOS.o
 .debug_info    0x000011bf      0x363 .\CortexM3\ARM_GCC_541\Debug\port.o
 .debug_info    0x00001522      0x1e3 .\CortexM3\ARM_GCC_541\Debug\heap_1.o
 .debug_info    0x00001705       0xae .\CortexM3\ARM_GCC_541\Debug\croutine.o
 .debug_info    0x000017b3      0x926 .\CortexM3\ARM_GCC_541\Debug\event_groups.o
 .debug_info    0x000020d9      0x2e5 .\CortexM3\ARM_GCC_541\Debug\list.o
 .debug_info    0x000023be     0x1958 .\CortexM3\ARM_GCC_541\Debug\queue.o
 .debug_info    0x00003d16     0x1274 .\CortexM3\ARM_GCC_541\Debug\stream_buffer.o
 .debug_info    0x00004f8a     0x1ff3 .\CortexM3\ARM_GCC_541\Debug\tasks.o
 .debug_info    0x00006f7d       0xae .\CortexM3\ARM_GCC_541\Debug\timers.o
 .debug_info    0x0000702b      0x6c6 .\CortexM3\ARM_GCC_541\Debug\cyfitter_cfg.o
 .debug_info    0x000076f1      0x136 .\CortexM3\ARM_GCC_541\Debug\cymetadata.o
 .debug_info    0x00007827      0x3bb .\CortexM3\ARM_GCC_541\Debug\Cm3Start.o
 .debug_info    0x00007be2     0x1374 .\CortexM3\ARM_GCC_541\Debug\project.a(CyLib.o)
 .debug_info    0x00008f56      0xa2a .\CortexM3\ARM_GCC_541\Debug\project.a(cyPm.o)
 .debug_info    0x00009980      0x72d .\CortexM3\ARM_GCC_541\Debug\project.a(UART.o)
 .debug_info    0x0000a0ad      0x14c .\CortexM3\ARM_GCC_541\Debug\project.a(UART_INT.o)
 .debug_info    0x0000a1f9      0x283 .\CortexM3\ARM_GCC_541\Debug\project.a(UART_IntClock.o)
 .debug_info    0x0000a47c      0x5c0 .\CortexM3\ARM_GCC_541\Debug\project.a(ADC_SAR_1.o)
 .debug_info    0x0000aa3c       0x92 .\CortexM3\ARM_GCC_541\Debug\project.a(ADC_SAR_1_INT.o)
 .debug_info    0x0000aace      0x2c4 .\CortexM3\ARM_GCC_541\Debug\project.a(ADC_SAR_1_theACLK.o)
 .debug_info    0x0000ad92      0x2d2 .\CortexM3\ARM_GCC_541\Debug\project.a(isr_adc.o)
 .debug_info    0x0000b064      0x1de .\CortexM3\ARM_GCC_541\Debug\project.a(VDAC8_1.o)
 .debug_info    0x0000b242      0x283 .\CortexM3\ARM_GCC_541\Debug\project.a(WaveClock.o)
 .debug_info    0x0000b4c5      0x2f0 .\CortexM3\ARM_GCC_541\Debug\project.a(WaveTimer.o)
 .debug_info    0x0000b7b5      0x2d2 .\CortexM3\ARM_GCC_541\Debug\project.a(isr_wave.o)
 .debug_info    0x0000ba87      0x5c0 .\CortexM3\ARM_GCC_541\Debug\project.a(ADC_SAR_2.o)
 .debug_info    0x0000c047       0x92 .\CortexM3\ARM_GCC_541\Debug\project.a(ADC_SAR_2_INT.o)
 .debug_info    0x0000c0d9      0x2c4 .\CortexM3\ARM_GCC_541\Debug\project.a(ADC_SAR_2_theACLK.o)
 .debug_info    0x0000c39d      0x20a .\CortexM3\ARM_GCC_541\Debug\project.a(IDAC_1.o)
 .debug_info    0x0000c5a7      0x146 .\CortexM3\ARM_GCC_541\Debug\project.a(AMux_1.o)
 .debug_info    0x0000c6ed      0x11f .\CortexM3\ARM_GCC_541\Debug\project.a(Pin_C.o)
 .debug_info    0x0000c80c      0x11f .\CortexM3\ARM_GCC_541\Debug\project.a(Pin_R.o)
 .debug_info    0x0000c92b       0x85 .\CortexM3\ARM_GCC_541\Debug\project.a(CyBootAsmGnu.o)
 .debug_info    0x0000c9b0      0x64d .\CortexM3\ARM_GCC_541\Debug\project.a(CyFlash.o)
 .debug_info    0x0000cffd      0x550 .\CortexM3\ARM_GCC_541\Debug\project.a(CySpc.o)

.debug_abbrev   0x00000000     0x3092
 *(.debug_abbrev)
 .debug_abbrev  0x00000000      0x28f .\CortexM3\ARM_GCC_541\Debug\main.o
 .debug_abbrev  0x0000028f       0xd3 .\CortexM3\ARM_GCC_541\Debug\FreeRTOS.o
 .debug_abbrev  0x00000362      0x1db .\CortexM3\ARM_GCC_541\Debug\port.o
 .debug_abbrev  0x0000053d      0x131 .\CortexM3\ARM_GCC_541\Debug\heap_1.o
 .debug_abbrev  0x0000066e       0x4b .\CortexM3\ARM_GCC_541\Debug\croutine.o
 .debug_abbrev  0x000006b9      0x226 .\CortexM3\ARM_GCC_541\Debug\event_groups.o
 .debug_abbrev  0x000008df       0xf6 .\CortexM3\ARM_GCC_541\Debug\list.o
 .debug_abbrev  0x000009d5      0x2c8 .\CortexM3\ARM_GCC_541\Debug\queue.o
 .debug_abbrev  0x00000c9d      0x275 .\CortexM3\ARM_GCC_541\Debug\stream_buffer.o
 .debug_abbrev  0x00000f12      0x2f3 .\CortexM3\ARM_GCC_541\Debug\tasks.o
 .debug_abbrev  0x00001205       0x4b .\CortexM3\ARM_GCC_541\Debug\timers.o
 .debug_abbrev  0x00001250      0x22d .\CortexM3\ARM_GCC_541\Debug\cyfitter_cfg.o
 .debug_abbrev  0x0000147d       0x77 .\CortexM3\ARM_GCC_541\Debug\cymetadata.o
 .debug_abbrev  0x000014f4      0x1e8 .\CortexM3\ARM_GCC_541\Debug\Cm3Start.o
 .debug_abbrev  0x000016dc      0x254 .\CortexM3\ARM_GCC_541\Debug\project.a(CyLib.o)
 .debug_abbrev  0x00001930      0x1ab .\CortexM3\ARM_GCC_541\Debug\project.a(cyPm.o)
 .debug_abbrev  0x00001adb      0x16f .\CortexM3\ARM_GCC_541\Debug\project.a(UART.o)
 .debug_abbrev  0x00001c4a       0x8a .\CortexM3\ARM_GCC_541\Debug\project.a(UART_INT.o)
 .debug_abbrev  0x00001cd4      0x139 .\CortexM3\ARM_GCC_541\Debug\project.a(UART_IntClock.o)
 .debug_abbrev  0x00001e0d      0x1ac .\CortexM3\ARM_GCC_541\Debug\project.a(ADC_SAR_1.o)
 .debug_abbrev  0x00001fb9       0x42 .\CortexM3\ARM_GCC_541\Debug\project.a(ADC_SAR_1_INT.o)
 .debug_abbrev  0x00001ffb      0x121 .\CortexM3\ARM_GCC_541\Debug\project.a(ADC_SAR_1_theACLK.o)
 .debug_abbrev  0x0000211c      0x173 .\CortexM3\ARM_GCC_541\Debug\project.a(isr_adc.o)
 .debug_abbrev  0x0000228f       0xf7 .\CortexM3\ARM_GCC_541\Debug\project.a(VDAC8_1.o)
 .debug_abbrev  0x00002386      0x139 .\CortexM3\ARM_GCC_541\Debug\project.a(WaveClock.o)
 .debug_abbrev  0x000024bf      0x12b .\CortexM3\ARM_GCC_541\Debug\project.a(WaveTimer.o)
 .debug_abbrev  0x000025ea      0x173 .\CortexM3\ARM_GCC_541\Debug\project.a(isr_wave.o)
 .debug_abbrev  0x0000275d      0x1ac .\CortexM3\ARM_GCC_541\Debug\project.a(ADC_SAR_2.o)
 .debug_abbrev  0x00002909       0x42 .\CortexM3\ARM_GCC_541\Debug\project.a(ADC_SAR_2_INT.o)
 .debug_abbrev  0x0000294b      0x121 .\CortexM3\ARM_GCC_541\Debug\project.a(ADC_SAR_2_theACLK.o)
 .debug_abbrev  0x00002a6c      0x106 .\CortexM3\ARM_GCC_541\Debug\project.a(IDAC_1.o)
 .debug_abbrev  0x00002b72       0xb1 .\CortexM3\ARM_GCC_541\Debug\project.a(AMux_1.o)
 .debug_abbrev  0x00002c23       0x90 .\CortexM3\ARM_GCC_541\Debug\project.a(Pin_C.o)
 .debug_abbrev  0x00002cb3       0x90 .\CortexM3\ARM_GCC_541\Debug\project.a(Pin_R.o)
 .debug_abbrev  0x00002d43       0x14 .\CortexM3\ARM_GCC_541\Debug\project.a(CyBootAsmGnu.o)
 .debug_abbrev  0x00002d57      0x1a7 .\CortexM3\ARM_GCC_541\Debug\project.a(CyFlash.o)
 .debug_abbrev  0x00002efe      0x194 .\CortexM3\ARM_GCC_541\Debug\project.a(CySpc.o)

.debug_line     0x00000000     0x5787
 *(.debug_line)
 .debug_line    0x00000000      0x58b .\CortexM3\ARM_GCC_541\Debug\main.o
 .debug_line    0x0000058b      0x18b .\CortexM3\ARM_GCC_541\Debug\FreeRTOS.o
 .debug_line    0x00000716      0x2bc .\CortexM3\ARM_GCC_541\Debug\port.o
 .debug_line    0x000009d2      0x271 .\CortexM3\ARM_GCC_541\Debug\heap_1.o
 .debug_line    0x00000c43      0x13f .\CortexM3\ARM_GCC_541\Debug\croutine.o
 .debug_line    0x00000d82      0x350 .\CortexM3\ARM_GCC_541\Debug\event_groups.o
 .debug_line    0x000010d2      0x234 .\CortexM3\ARM_GCC_541\Debug\list.o
 .debug_line    0x00001306      0x70b .\CortexM3\ARM_GCC_541\Debug\queue.o
 .debug_line    0x00001a11      0x540 .\CortexM3\ARM_GCC_541\Debug\stream_buffer.o
 .debug_line    0x00001f51      0xabb .\CortexM3\ARM_GCC_541\Debug\tasks.o
 .debug_line    0x00002a0c      0x13f .\CortexM3\ARM_GCC_541\Debug\timers.o
 .debug_line    0x00002b4b      0x23d .\CortexM3\ARM_GCC_541\Debug\cyfitter_cfg.o
 .debug_line    0x00002d88      0x141 .\CortexM3\ARM_GCC_541\Debug\cymetadata.o
 .debug_line    0x00002ec9      0x234 .\CortexM3\ARM_GCC_541\Debug\Cm3Start.o
 .debug_line    0x000030fd      0x816 .\CortexM3\ARM_GCC_541\Debug\project.a(CyLib.o)
 .debug_line    0x00003913      0x367 .\CortexM3\ARM_GCC_541\Debug\project.a(cyPm.o)
 .debug_line    0x00003c7a      0x302 .\CortexM3\ARM_GCC_541\Debug\project.a(UART.o)
 .debug_line    0x00003f7c       0x81 .\CortexM3\ARM_GCC_541\Debug\project.a(UART_INT.o)
 .debug_line    0x00003ffd      0x17c .\CortexM3\ARM_GCC_541\Debug\project.a(UART_IntClock.o)
 .debug_line    0x00004179      0x21e .\CortexM3\ARM_GCC_541\Debug\project.a(ADC_SAR_1.o)
 .debug_line    0x00004397       0x56 .\CortexM3\ARM_GCC_541\Debug\project.a(ADC_SAR_1_INT.o)
 .debug_line    0x000043ed      0x1a3 .\CortexM3\ARM_GCC_541\Debug\project.a(ADC_SAR_1_theACLK.o)
 .debug_line    0x00004590      0x134 .\CortexM3\ARM_GCC_541\Debug\project.a(isr_adc.o)
 .debug_line    0x000046c4       0xe4 .\CortexM3\ARM_GCC_541\Debug\project.a(VDAC8_1.o)
 .debug_line    0x000047a8      0x178 .\CortexM3\ARM_GCC_541\Debug\project.a(WaveClock.o)
 .debug_line    0x00004920      0x174 .\CortexM3\ARM_GCC_541\Debug\project.a(WaveTimer.o)
 .debug_line    0x00004a94      0x135 .\CortexM3\ARM_GCC_541\Debug\project.a(isr_wave.o)
 .debug_line    0x00004bc9      0x21e .\CortexM3\ARM_GCC_541\Debug\project.a(ADC_SAR_2.o)
 .debug_line    0x00004de7       0x56 .\CortexM3\ARM_GCC_541\Debug\project.a(ADC_SAR_2_INT.o)
 .debug_line    0x00004e3d      0x1a3 .\CortexM3\ARM_GCC_541\Debug\project.a(ADC_SAR_2_theACLK.o)
 .debug_line    0x00004fe0       0xf9 .\CortexM3\ARM_GCC_541\Debug\project.a(IDAC_1.o)
 .debug_line    0x000050d9       0xaa .\CortexM3\ARM_GCC_541\Debug\project.a(AMux_1.o)
 .debug_line    0x00005183       0x92 .\CortexM3\ARM_GCC_541\Debug\project.a(Pin_C.o)
 .debug_line    0x00005215       0x92 .\CortexM3\ARM_GCC_541\Debug\project.a(Pin_R.o)
 .debug_line    0x000052a7       0x66 .\CortexM3\ARM_GCC_541\Debug\project.a(CyBootAsmGnu.o)
 .debug_line    0x0000530d      0x21a .\CortexM3\ARM_GCC_541\Debug\project.a(CyFlash.o)
 .debug_line    0x00005527      0x260 .\CortexM3\ARM_GCC_541\Debug\project.a(CySpc.o)

.debug_frame    0x00000000     0x3950
 *(.debug_frame)
 .debug_frame   0x00000000      0x1f8 .\CortexM3\ARM_GCC_541\Debug\main.o
 .debug_frame   0x000001f8       0x2c .\CortexM3\ARM_GCC_541\Debug\FreeRTOS.o
 .debug_frame   0x00000224       0xe0 .\CortexM3\ARM_GCC_541\Debug\port.o
 .debug_frame   0x00000304       0x60 .\CortexM3\ARM_GCC_541\Debug\heap_1.o
 .debug_frame   0x00000364      0x13c .\CortexM3\ARM_GCC_541\Debug\event_groups.o
 .debug_frame   0x000004a0       0x70 .\CortexM3\ARM_GCC_541\Debug\list.o
 .debug_frame   0x00000510      0x3a0 .\CortexM3\ARM_GCC_541\Debug\queue.o
 .debug_frame   0x000008b0      0x2f0 .\CortexM3\ARM_GCC_541\Debug\stream_buffer.o
 .debug_frame   0x00000ba0      0x634 .\CortexM3\ARM_GCC_541\Debug\tasks.o
 .debug_frame   0x000011d4      0x134 .\CortexM3\ARM_GCC_541\Debug\cyfitter_cfg.o
 .debug_frame   0x00001308       0xb8 .\CortexM3\ARM_GCC_541\Debug\Cm3Start.o
 .debug_frame   0x000013c0      0x738 .\CortexM3\ARM_GCC_541\Debug\project.a(CyLib.o)
 .debug_frame   0x00001af8      0x1f8 .\CortexM3\ARM_GCC_541\Debug\project.a(cyPm.o)
 .debug_frame   0x00001cf0      0x25c .\CortexM3\ARM_GCC_541\Debug\project.a(UART.o)
 .debug_frame   0x00001f4c       0x20 .\CortexM3\ARM_GCC_541\Debug\project.a(UART_INT.o)
 .debug_frame   0x00001f6c       0xe0 .\CortexM3\ARM_GCC_541\Debug\project.a(UART_IntClock.o)
 .debug_frame   0x0000204c      0x1b0 .\CortexM3\ARM_GCC_541\Debug\project.a(ADC_SAR_1.o)
 .debug_frame   0x000021fc       0x20 .\CortexM3\ARM_GCC_541\Debug\project.a(ADC_SAR_1_INT.o)
 .debug_frame   0x0000221c      0x100 .\CortexM3\ARM_GCC_541\Debug\project.a(ADC_SAR_1_theACLK.o)
 .debug_frame   0x0000231c      0x104 .\CortexM3\ARM_GCC_541\Debug\project.a(isr_adc.o)
 .debug_frame   0x00002420       0xb4 .\CortexM3\ARM_GCC_541\Debug\project.a(VDAC8_1.o)
 .debug_frame   0x000024d4       0xe0 .\CortexM3\ARM_GCC_541\Debug\project.a(WaveClock.o)
 .debug_frame   0x000025b4      0x124 .\CortexM3\ARM_GCC_541\Debug\project.a(WaveTimer.o)
 .debug_frame   0x000026d8      0x104 .\CortexM3\ARM_GCC_541\Debug\project.a(isr_wave.o)
 .debug_frame   0x000027dc      0x1b4 .\CortexM3\ARM_GCC_541\Debug\project.a(ADC_SAR_2.o)
 .debug_frame   0x00002990       0x20 .\CortexM3\ARM_GCC_541\Debug\project.a(ADC_SAR_2_INT.o)
 .debug_frame   0x000029b0      0x100 .\CortexM3\ARM_GCC_541\Debug\project.a(ADC_SAR_2_theACLK.o)
 .debug_frame   0x00002ab0       0xd0 .\CortexM3\ARM_GCC_541\Debug\project.a(IDAC_1.o)
 .debug_frame   0x00002b80       0x64 .\CortexM3\ARM_GCC_541\Debug\project.a(AMux_1.o)
 .debug_frame   0x00002be4       0x50 .\CortexM3\ARM_GCC_541\Debug\project.a(Pin_C.o)
 .debug_frame   0x00002c34       0x50 .\CortexM3\ARM_GCC_541\Debug\project.a(Pin_R.o)
 .debug_frame   0x00002c84      0x194 .\CortexM3\ARM_GCC_541\Debug\project.a(CyFlash.o)
 .debug_frame   0x00002e18      0x180 .\CortexM3\ARM_GCC_541\Debug\project.a(CySpc.o)
 .debug_frame   0x00002f98       0x44 c:/program files (x86)/cypress/psoc creator/4.4/psoc creator/import/gnu/arm/5.4.1/bin/../lib/gcc/arm-none-eabi/5.4.1/armv7-m\libgcc.a(_aeabi_ldivmod.o)
 .debug_frame   0x00002fdc       0x38 c:/program files (x86)/cypress/psoc creator/4.4/psoc creator/import/gnu/arm/5.4.1/bin/../lib/gcc/arm-none-eabi/5.4.1/armv7-m\libgcc.a(_udivmoddi4.o)
 .debug_frame   0x00003014       0x30 c:/program files (x86)/cypress/psoc creator/4.4/psoc creator/import/gnu/arm/5.4.1/bin/../lib/gcc/arm-none-eabi/5.4.1/../../../../arm-none-eabi/lib/armv7-m\libg_nano.a(lib_a-atoi.o)
 .debug_frame   0x00003044       0x20 c:/program files (x86)/cypress/psoc creator/4.4/psoc creator/import/gnu/arm/5.4.1/bin/../lib/gcc/arm-none-eabi/5.4.1/../../../../arm-none-eabi/lib/armv7-m\libg_nano.a(lib_a-errno.o)
 .debug_frame   0x00003064       0x28 c:/program files (x86)/cypress/psoc creator/4.4/psoc creator/import/gnu/arm/5.4.1/bin/../lib/gcc/arm-none-eabi/5.4.1/../../../../arm-none-eabi/lib/armv7-m\libg_nano.a(lib_a-exit.o)
 .debug_frame   0x0000308c       0x2c c:/program files (x86)/cypress/psoc creator/4.4/psoc creator/import/gnu/arm/5.4.1/bin/../lib/gcc/arm-none-eabi/5.4.1/../../../../arm-none-eabi/lib/armv7-m\libg_nano.a(lib_a-init.o)
 .debug_frame   0x000030b8       0x28 c:/program files (x86)/cypress/psoc creator/4.4/psoc creator/import/gnu/arm/5.4.1/bin/../lib/gcc/arm-none-eabi/5.4.1/../../../../arm-none-eabi/lib/armv7-m\libg_nano.a(lib_a-memcpy-stub.o)
 .debug_frame   0x000030e0       0x20 c:/program files (x86)/cypress/psoc creator/4.4/psoc creator/import/gnu/arm/5.4.1/bin/../lib/gcc/arm-none-eabi/5.4.1/../../../../arm-none-eabi/lib/armv7-m\libg_nano.a(lib_a-memset.o)
 .debug_frame   0x00003100       0x8c c:/program files (x86)/cypress/psoc creator/4.4/psoc creator/import/gnu/arm/5.4.1/bin/../lib/gcc/arm-none-eabi/5.4.1/../../../../arm-none-eabi/lib/armv7-m\libg_nano.a(lib_a-nano-vfprintf_float.o)
 .debug_frame   0x0000318c       0x60 c:/program files (x86)/cypress/psoc creator/4.4/psoc creator/import/gnu/arm/5.4.1/bin/../lib/gcc/arm-none-eabi/5.4.1/../../../../arm-none-eabi/lib/armv7-m\libg_nano.a(lib_a-nano-vfprintf_i.o)
 .debug_frame   0x000031ec       0x70 c:/program files (x86)/cypress/psoc creator/4.4/psoc creator/import/gnu/arm/5.4.1/bin/../lib/gcc/arm-none-eabi/5.4.1/../../../../arm-none-eabi/lib/armv7-m\libg_nano.a(lib_a-sprintf.o)
 .debug_frame   0x0000325c       0x20 c:/program files (x86)/cypress/psoc creator/4.4/psoc creator/import/gnu/arm/5.4.1/bin/../lib/gcc/arm-none-eabi/5.4.1/../../../../arm-none-eabi/lib/armv7-m\libg_nano.a(lib_a-strcmp.o)
 .debug_frame   0x0000327c       0x2c c:/program files (x86)/cypress/psoc creator/4.4/psoc creator/import/gnu/arm/5.4.1/bin/../lib/gcc/arm-none-eabi/5.4.1/../../../../arm-none-eabi/lib/armv7-m\libg_nano.a(lib_a-strncmp.o)
 .debug_frame   0x000032a8       0x38 c:/program files (x86)/cypress/psoc creator/4.4/psoc creator/import/gnu/arm/5.4.1/bin/../lib/gcc/arm-none-eabi/5.4.1/../../../../arm-none-eabi/lib/armv7-m\libg_nano.a(lib_a-strtok.o)
 .debug_frame   0x000032e0       0x40 c:/program files (x86)/cypress/psoc creator/4.4/psoc creator/import/gnu/arm/5.4.1/bin/../lib/gcc/arm-none-eabi/5.4.1/../../../../arm-none-eabi/lib/armv7-m\libg_nano.a(lib_a-strtok_r.o)
 .debug_frame   0x00003320       0x44 c:/program files (x86)/cypress/psoc creator/4.4/psoc creator/import/gnu/arm/5.4.1/bin/../lib/gcc/arm-none-eabi/5.4.1/../../../../arm-none-eabi/lib/armv7-m\libg_nano.a(lib_a-strtol.o)
 .debug_frame   0x00003364       0x6c c:/program files (x86)/cypress/psoc creator/4.4/psoc creator/import/gnu/arm/5.4.1/bin/../lib/gcc/arm-none-eabi/5.4.1/../../../../arm-none-eabi/lib/armv7-m\libg_nano.a(lib_a-dtoa.o)
 .debug_frame   0x000033d0       0x98 c:/program files (x86)/cypress/psoc creator/4.4/psoc creator/import/gnu/arm/5.4.1/bin/../lib/gcc/arm-none-eabi/5.4.1/../../../../arm-none-eabi/lib/armv7-m\libg_nano.a(lib_a-locale.o)
 .debug_frame   0x00003468       0x30 c:/program files (x86)/cypress/psoc creator/4.4/psoc creator/import/gnu/arm/5.4.1/bin/../lib/gcc/arm-none-eabi/5.4.1/../../../../arm-none-eabi/lib/armv7-m\libg_nano.a(lib_a-malloc.o)
 .debug_frame   0x00003498       0x28 c:/program files (x86)/cypress/psoc creator/4.4/psoc creator/import/gnu/arm/5.4.1/bin/../lib/gcc/arm-none-eabi/5.4.1/../../../../arm-none-eabi/lib/armv7-m\libg_nano.a(lib_a-memchr-stub.o)
 .debug_frame   0x000034c0      0x234 c:/program files (x86)/cypress/psoc creator/4.4/psoc creator/import/gnu/arm/5.4.1/bin/../lib/gcc/arm-none-eabi/5.4.1/../../../../arm-none-eabi/lib/armv7-m\libg_nano.a(lib_a-mprec.o)
 .debug_frame   0x000036f4       0x2c c:/program files (x86)/cypress/psoc creator/4.4/psoc creator/import/gnu/arm/5.4.1/bin/../lib/gcc/arm-none-eabi/5.4.1/../../../../arm-none-eabi/lib/armv7-m\libg_nano.a(lib_a-nano-callocr.o)
 .debug_frame   0x00003720       0x38 c:/program files (x86)/cypress/psoc creator/4.4/psoc creator/import/gnu/arm/5.4.1/bin/../lib/gcc/arm-none-eabi/5.4.1/../../../../arm-none-eabi/lib/armv7-m\libg_nano.a(lib_a-nano-freer.o)
 .debug_frame   0x00003758       0x2c c:/program files (x86)/cypress/psoc creator/4.4/psoc creator/import/gnu/arm/5.4.1/bin/../lib/gcc/arm-none-eabi/5.4.1/../../../../arm-none-eabi/lib/armv7-m\libg_nano.a(lib_a-nano-mallocr.o)
 .debug_frame   0x00003784       0x90 c:/program files (x86)/cypress/psoc creator/4.4/psoc creator/import/gnu/arm/5.4.1/bin/../lib/gcc/arm-none-eabi/5.4.1/../../../../arm-none-eabi/lib/armv7-m\libg_nano.a(lib_a-nano-svfprintf.o)
 .debug_frame   0x00003814       0x2c c:/program files (x86)/cypress/psoc creator/4.4/psoc creator/import/gnu/arm/5.4.1/bin/../lib/gcc/arm-none-eabi/5.4.1/../../../../arm-none-eabi/lib/armv7-m\libg_nano.a(lib_a-sbrkr.o)
 .debug_frame   0x00003840       0x28 c:/program files (x86)/cypress/psoc creator/4.4/psoc creator/import/gnu/arm/5.4.1/bin/../lib/gcc/arm-none-eabi/5.4.1/../../../../arm-none-eabi/lib/armv7-m\libg_nano.a(lib_a-memmove.o)
 .debug_frame   0x00003868       0x30 c:/program files (x86)/cypress/psoc creator/4.4/psoc creator/import/gnu/arm/5.4.1/bin/../lib/gcc/arm-none-eabi/5.4.1/../../../../arm-none-eabi/lib/armv7-m\libg_nano.a(lib_a-mlock.o)
 .debug_frame   0x00003898       0x3c c:/program files (x86)/cypress/psoc creator/4.4/psoc creator/import/gnu/arm/5.4.1/bin/../lib/gcc/arm-none-eabi/5.4.1/../../../../arm-none-eabi/lib/armv7-m\libg_nano.a(lib_a-nano-reallocr.o)
 .debug_frame   0x000038d4       0x5c c:/program files (x86)/cypress/psoc creator/4.4/psoc creator/import/gnu/arm/5.4.1/bin/../lib/gcc/arm-none-eabi/5.4.1/../../../../arm-none-eabi/lib/armv7-m\libg_nano.a(lib_a-reent.o)
 .debug_frame   0x00003930       0x20 c:/program files (x86)/cypress/psoc creator/4.4/psoc creator/import/gnu/arm/5.4.1/bin/../lib/gcc/arm-none-eabi/5.4.1/../../../../arm-none-eabi/lib/armv7-m\libg_nano.a(lib_a-nano-msizer.o)

.debug_str      0x00000000     0x4600
 *(.debug_str)
 .debug_str     0x00000000      0x5e7 .\CortexM3\ARM_GCC_541\Debug\main.o
                                0x644 (size before relaxing)
 .debug_str     0x000005e7       0xb8 .\CortexM3\ARM_GCC_541\Debug\FreeRTOS.o
                                0x25b (size before relaxing)
 .debug_str     0x0000069f      0x1cd .\CortexM3\ARM_GCC_541\Debug\port.o
                                0x386 (size before relaxing)
 .debug_str     0x0000086c       0xd8 .\CortexM3\ARM_GCC_541\Debug\heap_1.o
                                0x283 (size before relaxing)
 .debug_str     0x00000944       0x1e .\CortexM3\ARM_GCC_541\Debug\croutine.o
                                0x1ad (size before relaxing)
 .debug_str     0x00000962      0x3ac .\CortexM3\ARM_GCC_541\Debug\event_groups.o
                                0x62e (size before relaxing)
 .debug_str     0x00000d0e       0x97 .\CortexM3\ARM_GCC_541\Debug\list.o
                                0x2fc (size before relaxing)
 .debug_str     0x00000da5      0x6d8 .\CortexM3\ARM_GCC_541\Debug\queue.o
                                0xa70 (size before relaxing)
 .debug_str     0x0000147d      0x4cd .\CortexM3\ARM_GCC_541\Debug\stream_buffer.o
                                0x862 (size before relaxing)
 .debug_str     0x0000194a      0x849 .\CortexM3\ARM_GCC_541\Debug\tasks.o
                                0xf7c (size before relaxing)
 .debug_str     0x00002193       0x1c .\CortexM3\ARM_GCC_541\Debug\timers.o
                                0x1ab (size before relaxing)
 .debug_str     0x000021af      0x1c8 .\CortexM3\ARM_GCC_541\Debug\cyfitter_cfg.o
                                0x387 (size before relaxing)
 .debug_str     0x00002377       0x75 .\CortexM3\ARM_GCC_541\Debug\cymetadata.o
                                0x1d9 (size before relaxing)
 .debug_str     0x000023ec      0x137 .\CortexM3\ARM_GCC_541\Debug\Cm3Start.o
                                0x2ff (size before relaxing)
 .debug_str     0x00002523      0x821 .\CortexM3\ARM_GCC_541\Debug\project.a(CyLib.o)
                                0xa3c (size before relaxing)
 .debug_str     0x00002d44      0x365 .\CortexM3\ARM_GCC_541\Debug\project.a(cyPm.o)
                                0x728 (size before relaxing)
 .debug_str     0x000030a9      0x2ff .\CortexM3\ARM_GCC_541\Debug\project.a(UART.o)
                                0x539 (size before relaxing)
 .debug_str     0x000033a8       0x53 .\CortexM3\ARM_GCC_541\Debug\project.a(UART_INT.o)
                                0x240 (size before relaxing)
 .debug_str     0x000033fb      0x183 .\CortexM3\ARM_GCC_541\Debug\project.a(UART_IntClock.o)
                                0x32b (size before relaxing)
 .debug_str     0x0000357e      0x22c .\CortexM3\ARM_GCC_541\Debug\project.a(ADC_SAR_1.o)
                                0x4b2 (size before relaxing)
 .debug_str     0x000037aa       0x35 .\CortexM3\ARM_GCC_541\Debug\project.a(ADC_SAR_1_INT.o)
                                0x190 (size before relaxing)
 .debug_str     0x000037df      0x1bc .\CortexM3\ARM_GCC_541\Debug\project.a(ADC_SAR_1_theACLK.o)
                                0x3aa (size before relaxing)
 .debug_str     0x0000399b       0xf2 .\CortexM3\ARM_GCC_541\Debug\project.a(isr_adc.o)
                                0x2b7 (size before relaxing)
 .debug_str     0x00003a8d       0x98 .\CortexM3\ARM_GCC_541\Debug\project.a(VDAC8_1.o)
                                0x228 (size before relaxing)
 .debug_str     0x00003b25      0x11f .\CortexM3\ARM_GCC_541\Debug\project.a(WaveClock.o)
                                0x2fb (size before relaxing)
 .debug_str     0x00003c44      0x152 .\CortexM3\ARM_GCC_541\Debug\project.a(WaveTimer.o)
                                0x378 (size before relaxing)
 .debug_str     0x00003d96       0xff .\CortexM3\ARM_GCC_541\Debug\project.a(isr_wave.o)
                                0x2c5 (size before relaxing)
 .debug_str     0x00003e95      0x1b3 .\CortexM3\ARM_GCC_541\Debug\project.a(ADC_SAR_2.o)
                                0x4b2 (size before relaxing)
 .debug_str     0x00004048       0x35 .\CortexM3\ARM_GCC_541\Debug\project.a(ADC_SAR_2_INT.o)
                                0x190 (size before relaxing)
 .debug_str     0x0000407d      0x1b3 .\CortexM3\ARM_GCC_541\Debug\project.a(ADC_SAR_2_theACLK.o)
                                0x3aa (size before relaxing)
 .debug_str     0x00004230       0x8d .\CortexM3\ARM_GCC_541\Debug\project.a(IDAC_1.o)
                                0x23a (size before relaxing)
 .debug_str     0x000042bd       0x4d .\CortexM3\ARM_GCC_541\Debug\project.a(AMux_1.o)
                                0x1ed (size before relaxing)
 .debug_str     0x0000430a       0x47 .\CortexM3\ARM_GCC_541\Debug\project.a(Pin_C.o)
                                0x1d7 (size before relaxing)
 .debug_str     0x00004351       0x48 .\CortexM3\ARM_GCC_541\Debug\project.a(Pin_R.o)
                                0x1d7 (size before relaxing)
 .debug_str     0x00004399      0x1bb .\CortexM3\ARM_GCC_541\Debug\project.a(CyFlash.o)
                                0x3b5 (size before relaxing)
 .debug_str     0x00004554       0xac .\CortexM3\ARM_GCC_541\Debug\project.a(CySpc.o)
                                0x32d (size before relaxing)

.debug_loc      0x00000000     0x73d1
 *(.debug_loc)
 .debug_loc     0x00000000      0x548 .\CortexM3\ARM_GCC_541\Debug\main.o
 .debug_loc     0x00000548       0xa8 .\CortexM3\ARM_GCC_541\Debug\port.o
 .debug_loc     0x000005f0       0x5f .\CortexM3\ARM_GCC_541\Debug\heap_1.o
 .debug_loc     0x0000064f      0x6e0 .\CortexM3\ARM_GCC_541\Debug\event_groups.o
 .debug_loc     0x00000d2f       0x65 .\CortexM3\ARM_GCC_541\Debug\list.o
 .debug_loc     0x00000d94     0x13f4 .\CortexM3\ARM_GCC_541\Debug\queue.o
 .debug_loc     0x00002188     0x10b5 .\CortexM3\ARM_GCC_541\Debug\stream_buffer.o
 .debug_loc     0x0000323d     0x1652 .\CortexM3\ARM_GCC_541\Debug\tasks.o
 .debug_loc     0x0000488f      0x32e .\CortexM3\ARM_GCC_541\Debug\cyfitter_cfg.o
 .debug_loc     0x00004bbd      0x144 .\CortexM3\ARM_GCC_541\Debug\Cm3Start.o